Component: ARM Compiler 5.06 update 7 (build 960) Tool: armlink [4d3601]

==============================================================================

Section Cross References

    startup_stm32f407xx.o(STACK) refers (Special) to heapauxi.o(.text) for __use_two_region_memory
    startup_stm32f407xx.o(HEAP) refers (Special) to heapauxi.o(.text) for __use_two_region_memory
    startup_stm32f407xx.o(RESET) refers (Special) to heapauxi.o(.text) for __use_two_region_memory
    startup_stm32f407xx.o(RESET) refers to startup_stm32f407xx.o(STACK) for __initial_sp
    startup_stm32f407xx.o(RESET) refers to startup_stm32f407xx.o(.text) for Reset_Handler
    startup_stm32f407xx.o(RESET) refers to stm32f4xx_it.o(i.NMI_Handler) for NMI_Handler
    startup_stm32f407xx.o(RESET) refers to stm32f4xx_it.o(i.HardFault_Handler) for HardFault_Handler
    startup_stm32f407xx.o(RESET) refers to stm32f4xx_it.o(i.MemManage_Handler) for MemManage_Handler
    startup_stm32f407xx.o(RESET) refers to stm32f4xx_it.o(i.BusFault_Handler) for BusFault_Handler
    startup_stm32f407xx.o(RESET) refers to stm32f4xx_it.o(i.UsageFault_Handler) for UsageFault_Handler
    startup_stm32f407xx.o(RESET) refers to port.o(.emb_text) for SVC_Handler
    startup_stm32f407xx.o(RESET) refers to stm32f4xx_it.o(i.DebugMon_Handler) for DebugMon_Handler
    startup_stm32f407xx.o(RESET) refers to stm32f4xx_it.o(i.SysTick_Handler) for SysTick_Handler
    startup_stm32f407xx.o(RESET) refers to stm32f4xx_it.o(i.TIM3_IRQHandler) for TIM3_IRQHandler
    startup_stm32f407xx.o(RESET) refers to stm32f4xx_it.o(i.USART1_IRQHandler) for USART1_IRQHandler
    startup_stm32f407xx.o(RESET) refers to stm32f4xx_it.o(i.USART3_IRQHandler) for USART3_IRQHandler
    startup_stm32f407xx.o(RESET) refers to stm32f4xx_it.o(i.TIM8_TRG_COM_TIM14_IRQHandler) for TIM8_TRG_COM_TIM14_IRQHandler
    startup_stm32f407xx.o(.text) refers (Special) to heapauxi.o(.text) for __use_two_region_memory
    startup_stm32f407xx.o(.text) refers to system_stm32f4xx.o(i.SystemInit) for SystemInit
    startup_stm32f407xx.o(.text) refers to __main.o(!!!main) for __main
    startup_stm32f407xx.o(.text) refers to startup_stm32f407xx.o(HEAP) for Heap_Mem
    startup_stm32f407xx.o(.text) refers to startup_stm32f407xx.o(STACK) for Stack_Mem
    event_groups.o(i.vEventGroupClearBitsCallback) refers to event_groups.o(i.xEventGroupClearBits) for xEventGroupClearBits
    event_groups.o(i.vEventGroupDelete) refers to tasks.o(i.vTaskSuspendAll) for vTaskSuspendAll
    event_groups.o(i.vEventGroupDelete) refers to tasks.o(i.vTaskRemoveFromUnorderedEventList) for vTaskRemoveFromUnorderedEventList
    event_groups.o(i.vEventGroupDelete) refers to tasks.o(i.xTaskResumeAll) for xTaskResumeAll
    event_groups.o(i.vEventGroupDelete) refers to heap_4.o(i.vPortFree) for vPortFree
    event_groups.o(i.vEventGroupSetBitsCallback) refers to event_groups.o(i.xEventGroupSetBits) for xEventGroupSetBits
    event_groups.o(i.xEventGroupClearBits) refers to port.o(i.vPortEnterCritical) for vPortEnterCritical
    event_groups.o(i.xEventGroupClearBits) refers to port.o(i.vPortExitCritical) for vPortExitCritical
    event_groups.o(i.xEventGroupCreate) refers to heap_4.o(i.pvPortMalloc) for pvPortMalloc
    event_groups.o(i.xEventGroupCreate) refers to list.o(i.vListInitialise) for vListInitialise
    event_groups.o(i.xEventGroupSetBits) refers to tasks.o(i.vTaskSuspendAll) for vTaskSuspendAll
    event_groups.o(i.xEventGroupSetBits) refers to tasks.o(i.vTaskRemoveFromUnorderedEventList) for vTaskRemoveFromUnorderedEventList
    event_groups.o(i.xEventGroupSetBits) refers to tasks.o(i.xTaskResumeAll) for xTaskResumeAll
    event_groups.o(i.xEventGroupSync) refers to tasks.o(i.xTaskGetSchedulerState) for xTaskGetSchedulerState
    event_groups.o(i.xEventGroupSync) refers to tasks.o(i.vTaskSuspendAll) for vTaskSuspendAll
    event_groups.o(i.xEventGroupSync) refers to event_groups.o(i.xEventGroupSetBits) for xEventGroupSetBits
    event_groups.o(i.xEventGroupSync) refers to tasks.o(i.vTaskPlaceOnUnorderedEventList) for vTaskPlaceOnUnorderedEventList
    event_groups.o(i.xEventGroupSync) refers to tasks.o(i.xTaskResumeAll) for xTaskResumeAll
    event_groups.o(i.xEventGroupSync) refers to tasks.o(i.uxTaskResetEventItemValue) for uxTaskResetEventItemValue
    event_groups.o(i.xEventGroupSync) refers to port.o(i.vPortEnterCritical) for vPortEnterCritical
    event_groups.o(i.xEventGroupSync) refers to port.o(i.vPortExitCritical) for vPortExitCritical
    event_groups.o(i.xEventGroupWaitBits) refers to tasks.o(i.xTaskGetSchedulerState) for xTaskGetSchedulerState
    event_groups.o(i.xEventGroupWaitBits) refers to tasks.o(i.vTaskSuspendAll) for vTaskSuspendAll
    event_groups.o(i.xEventGroupWaitBits) refers to event_groups.o(i.prvTestWaitCondition) for prvTestWaitCondition
    event_groups.o(i.xEventGroupWaitBits) refers to tasks.o(i.vTaskPlaceOnUnorderedEventList) for vTaskPlaceOnUnorderedEventList
[...]
    c$$dinf                                  0x080066f8   Section        8  fpconst.o(c$$dinf)
    c$$dmax                                  0x08006700   Section        8  fpconst.o(c$$dmax)
    locale$$data                             0x08006708   Section       28  lc_numeric_c.o(locale$$data)
    __lcnum_c_name                           0x0800670c   Data           2  lc_numeric_c.o(locale$$data)
    __lcnum_c_start                          0x08006714   Data           0  lc_numeric_c.o(locale$$data)
    __lcnum_c_point                          0x08006720   Data           0  lc_numeric_c.o(locale$$data)
    __lcnum_c_thousands                      0x08006722   Data           0  lc_numeric_c.o(locale$$data)
    __lcnum_c_grouping                       0x08006723   Data           0  lc_numeric_c.o(locale$$data)
    locale$$data                             0x08006724   Section      272  lc_ctype_c.o(locale$$data)
    __lcnum_c_end                            0x08006724   Data           0  lc_numeric_c.o(locale$$data)
    __lcctype_c_name                         0x08006728   Data           2  lc_ctype_c.o(locale$$data)
    __lcctype_c_start                        0x08006730   Data           0  lc_ctype_c.o(locale$$data)
    __lcctype_c_end                          0x08006834   Data           0  lc_ctype_c.o(locale$$data)
    .data                                    0x20000000   Section       64  tasks.o(.data)
    pxDelayedTaskList                        0x20000004   Data           4  tasks.o(.data)
    pxOverflowDelayedTaskList                0x20000008   Data           4  tasks.o(.data)
    uxDeletedTasksWaitingCleanUp             0x2000000c   Data           4  tasks.o(.data)
    uxCurrentNumberOfTasks                   0x20000010   Data           4  tasks.o(.data)
    xTickCount                               0x20000014   Data           4  tasks.o(.data)
    uxTopReadyPriority                       0x20000018   Data           4  tasks.o(.data)
    xSchedulerRunning                        0x2000001c   Data           4  tasks.o(.data)
    xPendedTicks                             0x20000020   Data           4  tasks.o(.data)
    xYieldPending                            0x20000024   Data           4  tasks.o(.data)
    xNumOfOverflows                          0x20000028   Data           4  tasks.o(.data)
    uxTaskNumber                             0x2000002c   Data           4  tasks.o(.data)
    xNextTaskUnblockTime                     0x20000030   Data           4  tasks.o(.data)
    xIdleTaskHandle                          0x20000034   Data           4  tasks.o(.data)
    uxSchedulerSuspended                     0x2000003c   Data           4  tasks.o(.data)
    .data                                    0x20000040   Section       12  port.o(.data)
    uxCriticalNesting                        0x20000040   Data           4  port.o(.data)
    ucMaxSysCallPriority                     0x20000044   Data           1  port.o(.data)
    ulMaxPRIGROUPValue                       0x20000048   Data           4  port.o(.data)
    .data                                    0x2000004c   Section       28  heap_4.o(.data)
    xStart                                   0x2000004c   Data           8  heap_4.o(.data)
    pxEnd                                    0x20000054   Data           4  heap_4.o(.data)
    xFreeBytesRemaining                      0x20000058   Data           4  heap_4.o(.data)
    xMinimumEverFreeBytesRemaining           0x2000005c   Data           4  heap_4.o(.data)
    xNumberOfSuccessfulAllocations           0x20000060   Data           4  heap_4.o(.data)
    xNumberOfSuccessfulFrees                 0x20000064   Data           4  heap_4.o(.data)
    .data                                    0x20000068   Section        9  stm32f4xx_hal.o(.data)
    .data                                    0x20000074   Section        4  system_stm32f4xx.o(.data)
    .data                                    0x20000078   Section        8  main.o(.data)
    .data                                    0x20000080   Section       32  stepper_motor.o(.data)
    .data                                    0x200000a0   Section        2  k230.o(.data)
    .data                                    0x200000a4   Section       30  car.o(.data)
    .bss                                     0x200000c4   Section      240  tasks.o(.bss)
    pxReadyTasksLists                        0x200000c4   Data         140  tasks.o(.bss)
    xDelayedTaskList1                        0x20000150   Data          20  tasks.o(.bss)
    xDelayedTaskList2                        0x20000164   Data          20  tasks.o(.bss)
    xPendingReadyList                        0x20000178   Data          20  tasks.o(.bss)
    xTasksWaitingTermination                 0x2000018c   Data          20  tasks.o(.bss)
    xSuspendedTaskList                       0x200001a0   Data          20  tasks.o(.bss)
    .bss                                     0x200001b4   Section    20480  heap_4.o(.bss)
    ucHeap                                   0x200001b4   Data       20480  heap_4.o(.bss)
    .bss                                     0x200051b4   Section       72  tim.o(.bss)
    .bss                                     0x200051fc   Section      144  usart.o(.bss)
    .bss                                     0x2000528c   Section       72  stm32f4xx_hal_timebase_tim.o(.bss)
    .bss                                     0x200052d4   Section       92  stepper_motor.o(.bss)
    .bss                                     0x20005330   Section       60  k230.o(.bss)
    .bss                                     0x2000536c   Section       96  libspace.o(.bss)
    HEAP                                     0x200053d0   Section      512  startup_stm32f407xx.o(HEAP)
    Heap_Mem                                 0x200053d0   Data         512  startup_stm32f407xx.o(HEAP)
    STACK                                    0x200055d0   Section     1024  startup_stm32f407xx.o(STACK)
    Stack_Mem                                0x200055d0   Data        1024  startup_stm32f407xx.o(STACK)
    __initial_sp                             0x200059d0   Data           0  startup_stm32f407xx.o(STACK)

    Global Symbols

    Symbol Name                              Value     Ov Type        Size  Object(Section)

    BuildAttributes$$THM_ISAv4$E$P$D$K$B$S$7EM$VFPi3$EXTD16$VFPS$VFMA$PE$A:L22UL41UL21$X:L11$S22US41US21$IEEE1$IW$USESV6$~STKCKD$USESV7$~SHL$OTIME$ROPI$IEEEX$EBA8$UX$STANDARDLIB$REQ8$PRES8$EABIv2 0x00000000   Number         0  anon$$obj.o ABSOLUTE
    __ARM_use_no_argv                        0x00000000   Number         0  main.o ABSOLUTE
    __ARM_exceptions_init                     - Undefined Weak Reference
    __alloca_initialize                       - Undefined Weak Reference
    __arm_fini_                               - Undefined Weak Reference
    __arm_preinit_                            - Undefined Weak Reference
    __cpp_initialize__aeabi_                  - Undefined Weak Reference
    __cxa_finalize                            - Undefined Weak Reference
    __sigvec_lookup                           - Undefined Weak Reference
    _atexit_init                              - Undefined Weak Reference
    _call_atexit_fns                          - Undefined Weak Reference
    _clock_init                               - Undefined Weak Reference
    _fp_trap_init                             - Undefined Weak Reference
    _fp_trap_shutdown                         - Undefined Weak Reference
    _get_lc_collate                           - Undefined Weak Reference
    _get_lc_monetary                          - Undefined Weak Reference
    _get_lc_time                              - Undefined Weak Reference
    _getenv_init                              - Undefined Weak Reference
    _handle_redirection                       - Undefined Weak Reference
    _init_alloc                               - Undefined Weak Reference
    _init_user_alloc                          - Undefined Weak Reference
    _initio                                   - Undefined Weak Reference
    _rand_init                                - Undefined Weak Reference
    _scanf_int                                - Undefined Weak Reference
    _scanf_longlong                           - Undefined Weak Reference
    _scanf_mbtowc                             - Undefined Weak Reference
    _scanf_string                             - Undefined Weak Reference
    _scanf_wctomb                             - Undefined Weak Reference
    _scanf_wstring                            - Undefined Weak Reference
    _signal_finish                            - Undefined Weak Reference
    _signal_init                              - Undefined Weak Reference
    _terminate_alloc                          - Undefined Weak Reference
    _terminate_user_alloc                     - Undefined Weak Reference
    _terminateio                              - Undefined Weak Reference
    __Vectors_Size                           0x00000188   Number         0  startup_stm32f407xx.o ABSOLUTE
    __Vectors                                0x08000000   Data           4  startup_stm32f407xx.o(RESET)
    __Vectors_End                            0x08000188   Data           0  startup_stm32f407xx.o(RESET)
    __main                                   0x08000189   Thumb Code     8  __main.o(!!!main)
    __scatterload                            0x08000191   Thumb Code     0  __scatter.o(!!!scatter)
    __scatterload_rt2                        0x08000191   Thumb Code    44  __scatter.o(!!!scatter)
    __scatterload_rt2_thumb_only             0x08000191   Thumb Code     0  __scatter.o(!!!scatter)
    __scatterload_null                       0x0800019f   Thumb Code     0  __scatter.o(!!!scatter)
    __scatterload_copy                       0x080001c5   Thumb Code    26  __scatter_copy.o(!!handler_copy)
    __scatterload_zeroinit                   0x080001e1   Thumb Code    28  __scatter_zi.o(!!handler_zi)
    __rt_lib_init                            0x080001fd   Thumb Code     0  libinit.o(.ARM.Collect$$libinit$$00000000)
    __rt_lib_init_fp_1                       0x080001ff   Thumb Code     0  libinit2.o(.ARM.Collect$$libinit$$00000001)
    __rt_lib_init_heap_1                     0x08000203   Thumb Code     0  libinit2.o(.ARM.Collect$$libinit$$0000000A)
    __rt_lib_init_lc_common                  0x08000203   Thumb Code     0  libinit2.o(.ARM.Collect$$libinit$$0000000F)
    __rt_lib_init_preinit_1                  0x08000203   Thumb Code     0  libinit2.o(.ARM.Collect$$libinit$$00000004)
    __rt_lib_init_rand_1                     0x08000203   Thumb Code     0  libinit2.o(.ARM.Collect$$libinit$$0000000E)
    __rt_lib_init_user_alloc_1               0x08000203   Thumb Code     0  libinit2.o(.ARM.Collect$$libinit$$0000000C)
    __rt_lib_init_lc_collate_1               0x08000209   Thumb Code     0  libinit2.o(.ARM.Collect$$libinit$$00000011)
    __rt_lib_init_lc_ctype_2                 0x08000209   Thumb Code     0  libinit2.o(.ARM.Collect$$libinit$$00000012)
    __rt_lib_init_lc_ctype_1                 0x08000215   Thumb Code     0  libinit2.o(.ARM.Collect$$libinit$$00000013)
    __rt_lib_init_lc_monetary_1              0x08000215   Thumb Code     0  libinit2.o(.ARM.Collect$$libinit$$00000015)
    __rt_lib_init_lc_numeric_2               0x08000215   Thumb Code     0  libinit2.o(.ARM.Collect$$libinit$$00000016)
    __rt_lib_init_alloca_1                   0x0800021f   Thumb Code     0  libinit2.o(.ARM.Collect$$libinit$$0000002E)
    __rt_lib_init_argv_1                     0x0800021f   Thumb Code     0  libinit2.o(.ARM.Collect$$libinit$$0000002C)
    __rt_lib_init_atexit_1                   0x0800021f   Thumb Code     0  libinit2.o(.ARM.Collect$$libinit$$0000001B)
    __rt_lib_init_clock_1                    0x0800021f   Thumb Code     0  libinit2.o(.ARM.Collect$$libinit$$00000021)
    __rt_lib_init_cpp_1                      0x0800021f   Thumb Code     0  libinit2.o(.ARM.Collect$$libinit$$00000032)
    __rt_lib_init_exceptions_1               0x0800021f   Thumb Code     0  libinit2.o(.ARM.Collect$$libinit$$00000030)
    __rt_lib_init_fp_trap_1                  0x0800021f   Thumb Code     0  libinit2.o(.ARM.Collect$$libinit$$0000001F)
    __rt_lib_init_getenv_1                   0x0800021f   Thumb Code     0  libinit2.o(.ARM.Collect$$libinit$$00000023)
    __rt_lib_init_lc_numeric_1               0x0800021f   Thumb Code     0  libinit2.o(.ARM.Collect$$libinit$$00000017)
    __rt_lib_init_lc_time_1                  0x0800021f   Thumb Code     0  libinit2.o(.ARM.Collect$$libinit$$00000019)
    __rt_lib_init_return                     0x0800021f   Thumb Code     0  libinit2.o(.ARM.Collect$$libinit$$00000033)
    __rt_lib_init_signal_1                   0x0800021f   Thumb Code     0  libinit2.o(.ARM.Collect$$libinit$$0000001D)
    __rt_lib_init_stdio_1                    0x0800021f   Thumb Code     0  libinit2.o(.ARM.Collect$$libinit$$00000025)
    __rt_lib_shutdown                        0x08000221   Thumb Code     0  libshutdown.o(.ARM.Collect$$libshutdown$$00000000)
    __rt_lib_shutdown_cpp_1                  0x08000223   Thumb Code     0  libshutdown2.o(.ARM.Collect$$libshutdown$$00000004)
    __rt_lib_shutdown_fini_1                 0x08000223   Thumb Code     0  libshutdown2.o(.ARM.Collect$$libshutdown$$00000002)
    __rt_lib_shutdown_fp_trap_1              0x08000223   Thumb Code     0  libshutdown2.o(.ARM.Collect$$libshutdown$$00000009)
    __rt_lib_shutdown_heap_1                 0x08000223   Thumb Code     0  libshutdown2.o(.ARM.Collect$$libshutdown$$00000011)
    __rt_lib_shutdown_return                 0x08000223   Thumb Code     0  libshutdown2.o(.ARM.Collect$$libshutdown$$00000012)
    __rt_lib_shutdown_signal_1               0x08000223   Thumb Code     0  libshutdown2.o(.ARM.Collect$$libshutdown$$0000000C)
    __rt_lib_shutdown_stdio_1                0x08000223   Thumb Code     0  libshutdown2.o(.ARM.Collect$$libshutdown$$00000006)
    __rt_lib_shutdown_user_alloc_1           0x08000223   Thumb Code     0  libshutdown2.o(.ARM.Collect$$libshutdown$$0000000E)
    __rt_entry                               0x08000225   Thumb Code     0  __rtentry.o(.ARM.Collect$$rtentry$$00000000)
    __rt_entry_presh_1                       0x08000225   Thumb Code     0  __rtentry2.o(.ARM.Collect$$rtentry$$00000002)
    __rt_entry_sh                            0x08000225   Thumb Code     0  __rtentry4.o(.ARM.Collect$$rtentry$$00000004)
    __rt_entry_li                            0x0800022b   Thumb Code     0  __rtentry2.o(.ARM.Collect$$rtentry$$0000000A)
    __rt_entry_postsh_1                      0x0800022b   Thumb Code     0  __rtentry2.o(.ARM.Collect$$rtentry$$00000009)
    __rt_entry_main                          0x0800022f   Thumb Code     0  __rtentry2.o(.ARM.Collect$$rtentry$$0000000D)
    __rt_entry_postli_1                      0x0800022f   Thumb Code     0  __rtentry2.o(.ARM.Collect$$rtentry$$0000000C)
    __rt_exit                                0x08000237   Thumb Code     0  rtexit.o(.ARM.Collect$$rtexit$$00000000)
    __rt_exit_ls                             0x08000239   Thumb Code     0  rtexit2.o(.ARM.Collect$$rtexit$$00000003)
    __rt_exit_prels_1                        0x08000239   Thumb Code     0  rtexit2.o(.ARM.Collect$$rtexit$$00000002)
    __rt_exit_exit                           0x0800023d   Thumb Code     0  rtexit2.o(.ARM.Collect$$rtexit$$00000004)
    SVC_Handler                              0x08000245   Thumb Code    28  port.o(.emb_text)
    __asm___6_port_c_39a90d8d__prvStartFirstTask 0x08000265   Thumb Code    36  port.o(.emb_text)
    __asm___6_port_c_39a90d8d__prvEnableVFP  0x0800028d   Thumb Code    16  port.o(.emb_text)
    PendSV_Handler                           0x080002a1   Thumb Code    88  port.o(.emb_text)
    vPortGetIPSR                             0x080002fd   Thumb Code     6  port.o(.emb_text)
    Reset_Handler                            0x08000305   Thumb Code     8  startup_stm32f407xx.o(.text)
    ADC_IRQHandler                           0x0800031f   Thumb Code     0  startup_stm32f407xx.o(.text)
    CAN1_RX0_IRQHandler                      0x0800031f   Thumb Code     0  startup_stm32f407xx.o(.text)
    CAN1_RX1_IRQHandler                      0x0800031f   Thumb Code     0  startup_stm32f407xx.o(.text)
    CAN1_SCE_IRQHandler                      0x0800031f   Thumb Code     0  startup_stm32f407xx.o(.text)
    CAN1_TX_IRQHandler                       0x0800031f   Thumb Code     0  startup_stm32f407xx.o(.text)
    CAN2_RX0_IRQHandler                      0x0800031f   Thumb Code     0  startup_stm32f407xx.o(.text)
    CAN2_RX1_IRQHandler                      0x0800031f   Thumb Code     0  startup_stm32f407xx.o(.text)
    CAN2_SCE_IRQHandler                      0x0800031f   Thumb Code     0  startup_stm32f407xx.o(.text)
    CAN2_TX_IRQHandler                       0x0800031f   Thumb Code     0  startup_stm32f407xx.o(.text)
    DCMI_IRQHandler                          0x0800031f   Thumb Code     0  startup_stm32f407xx.o(.text)
    DMA1_Stream0_IRQHandler                  0x0800031f   Thumb Code     0  startup_stm32f407xx.o(.text)
    DMA1_Stream1_IRQHandler                  0x0800031f   Thumb Code     0  startup_stm32f407xx.o(.text)
    DMA1_Stream2_IRQHandler                  0x0800031f   Thumb Code     0  startup_stm32f407xx.o(.text)
    DMA1_Stream3_IRQHandler                  0x0800031f   Thumb Code     0  startup_stm32f407xx.o(.text)
    DMA1_Stream4_IRQHandler                  0x0800031f   Thumb Code     0  startup_stm32f407xx.o(.text)
    DMA1_Stream5_IRQHandler                  0x0800031f   Thumb Code     0  startup_stm32f407xx.o(.text)
    DMA1_Stream6_IRQHandler                  0x0800031f   Thumb Code     0  startup_stm32f407xx.o(.text)
    DMA1_Stream7_IRQHandler                  0x0800031f   Thumb Code     0  startup_stm32f407xx.o(.text)
    DMA2_Stream0_IRQHandler                  0x0800031f   Thumb Code     0  startup_stm32f407xx.o(.text)
    DMA2_Stream1_IRQHandler                  0x0800031f   Thumb Code     0  startup_stm32f407xx.o(.text)
    DMA2_Stream2_IRQHandler                  0x0800031f   Thumb Code     0  startup_stm32f407xx.o(.text)
    DMA2_Stream3_IRQHandler                  0x0800031f   Thumb Code     0  startup_stm32f407xx.o(.text)
    DMA2_Stream4_IRQHandler                  0x0800031f   Thumb Code     0  startup_stm32f407xx.o(.text)
    DMA2_Stream5_IRQHandler                  0x0800031f   Thumb Code     0  startup_stm32f407xx.o(.text)
    DMA2_Stream6_IRQHandler                  0x0800031f   Thumb Code     0  startup_stm32f407xx.o(.text)
    DMA2_Stream7_IRQHandler                  0x0800031f   Thumb Code     0  startup_stm32f407xx.o(.text)
    ETH_IRQHandler                           0x0800031f   Thumb Code     0  startup_stm32f407xx.o(.text)
    ETH_WKUP_IRQHandler                      0x0800031f   Thumb Code     0  startup_stm32f407xx.o(.text)
    EXTI0_IRQHandler                         0x0800031f   Thumb Code     0  startup_stm32f407xx.o(.text)
    EXTI15_10_IRQHandler                     0x0800031f   Thumb Code     0  startup_stm32f407xx.o(.text)
    EXTI1_IRQHandler                         0x0800031f   Thumb Code     0  startup_stm32f407xx.o(.text)
    EXTI2_IRQHandler                         0x0800031f   Thumb Code     0  startup_stm32f407xx.o(.text)
    EXTI3_IRQHandler                         0x0800031f   Thumb Code     0  startup_stm32f407xx.o(.text)
    EXTI4_IRQHandler                         0x0800031f   Thumb Code     0  startup_stm32f407xx.o(.text)
    EXTI9_5_IRQHandler                       0x0800031f   Thumb Code     0  startup_stm32f407xx.o(.text)
    FLASH_IRQHandler                         0x0800031f   Thumb Code     0  startup_stm32f407xx.o(.text)
    FMC_IRQHandler                           0x0800031f   Thumb Code     0  startup_stm32f407xx.o(.text)
    FPU_IRQHandler                           0x0800031f   Thumb Code     0  startup_stm32f407xx.o(.text)
    HASH_RNG_IRQHandler                      0x0800031f   Thumb Code     0  startup_stm32f407xx.o(.text)
    I2C1_ER_IRQHandler                       0x0800031f   Thumb Code     0  startup_stm32f407xx.o(.text)
    I2C1_EV_IRQHandler                       0x0800031f   Thumb Code     0  startup_stm32f407xx.o(.text)
    I2C2_ER_IRQHandler                       0x0800031f   Thumb Code     0  startup_stm32f407xx.o(.text)
    I2C2_EV_IRQHandler                       0x0800031f   Thumb Code     0  startup_stm32f407xx.o(.text)
    I2C3_ER_IRQHandler                       0x0800031f   Thumb Code     0  startup_stm32f407xx.o(.text)
    I2C3_EV_IRQHandler                       0x0800031f   Thumb Code     0  startup_stm32f407xx.o(.text)
    OTG_FS_IRQHandler                        0x0800031f   Thumb Code     0  startup_stm32f407xx.o(.text)
    OTG_FS_WKUP_IRQHandler                   0x0800031f   Thumb Code     0  startup_stm32f407xx.o(.text)
    OTG_HS_EP1_IN_IRQHandler                 0x0800031f   Thumb Code     0  startup_stm32f407xx.o(.text)
    OTG_HS_EP1_OUT_IRQHandler                0x0800031f   Thumb Code     0  startup_stm32f407xx.o(.text)
    OTG_HS_IRQHandler                        0x0800031f   Thumb Code     0  startup_stm32f407xx.o(.text)
    OTG_HS_WKUP_IRQHandler                   0x0800031f   Thumb Code     0  startup_stm32f407xx.o(.text)
    PVD_IRQHandler                           0x0800031f   Thumb Code     0  startup_stm32f407xx.o(.text)
    RCC_IRQHandler                           0x0800031f   Thumb Code     0  startup_stm32f407xx.o(.text)
    RTC_Alarm_IRQHandler                     0x0800031f   Thumb Code     0  startup_stm32f407xx.o(.text)
    RTC_WKUP_IRQHandler                      0x0800031f   Thumb Code     0  startup_stm32f407xx.o(.text)
    SDIO_IRQHandler                          0x0800031f   Thumb Code     0  startup_stm32f407xx.o(.text)
    SPI1_IRQHandler                          0x0800031f   Thumb Code     0  startup_stm32f407xx.o(.text)
    SPI2_IRQHandler                          0x0800031f   Thumb Code     0  startup_stm32f407xx.o(.text)
    SPI3_IRQHandler                          0x0800031f   Thumb Code     0  startup_stm32f407xx.o(.text)
    TAMP_STAMP_IRQHandler                    0x0800031f   Thumb Code     0  startup_stm32f407xx.o(.text)
    TIM1_BRK_TIM9_IRQHandler                 0x0800031f   Thumb Code     0  startup_stm32f407xx.o(.text)
    TIM1_CC_IRQHandler                       0x0800031f   Thumb Code     0  startup_stm32f407xx.o(.text)
    TIM1_TRG_COM_TIM11_IRQHandler            0x0800031f   Thumb Code     0  startup_stm32f407xx.o(.text)
    TIM1_UP_TIM10_IRQHandler                 0x0800031f   Thumb Code     0  startup_stm32f407xx.o(.text)
    TIM2_IRQHandler                          0x0800031f   Thumb Code     0  startup_stm32f407xx.o(.text)
    TIM4_IRQHandler                          0x0800031f   Thumb Code     0  startup_stm32f407xx.o(.text)
    TIM5_IRQHandler                          0x0800031f   Thumb Code     0  startup_stm32f407xx.o(.text)
    TIM6_DAC_IRQHandler                      0x0800031f   Thumb Code     0  startup_stm32f407xx.o(.text)
    TIM7_IRQHandler                          0x0800031f   Thumb Code     0  startup_stm32f407xx.o(.text)
    TIM8_BRK_TIM12_IRQHandler                0x0800031f   Thumb Code     0  startup_stm32f407xx.o(.text)
    TIM8_CC_IRQHandler                       0x0800031f   Thumb Code     0  startup_stm32f407xx.o(.text)
    TIM8_UP_TIM13_IRQHandler                 0x0800031f   Thumb Code     0  startup_stm32f407xx.o(.text)
    UART4_IRQHandler                         0x0800031f   Thumb Code     0  startup_stm32f407xx.o(.text)
    UART5_IRQHandler                         0x0800031f   Thumb Code     0  startup_stm32f407xx.o(.text)
    USART2_IRQHandler                        0x0800031f   Thumb Code     0  startup_stm32f407xx.o(.text)
    USART6_IRQHandler                        0x0800031f   Thumb Code     0  startup_stm32f407xx.o(.text)
    WWDG_IRQHandler                          0x0800031f   Thumb Code     0  startup_stm32f407xx.o(.text)
    __user_initial_stackheap                 0x08000321   Thumb Code     0  startup_stm32f407xx.o(.text)
    __aeabi_uldivmod                         0x08000345   Thumb Code     0  lludivv7m.o(.text)
    _ll_udiv                                 0x08000345   Thumb Code   238  lludivv7m.o(.text)
    __aeabi_llsl                             0x08000433   Thumb Code     0  llshl.o(.text)
    _ll_shift_l                              0x08000433   Thumb Code    38  llshl.o(.text)
    __0sscanf                                0x08000459   Thumb Code    52  __0sscanf.o(.text)
    __aeabi_memcpy                           0x08000495   Thumb Code     0  rt_memcpy_v6.o(.text)
    __rt_memcpy                              0x08000495   Thumb Code   138  rt_memcpy_v6.o(.text)
    _memcpy_lastbytes                        0x080004fb   Thumb Code     0  rt_memcpy_v6.o(.text)
    __aeabi_memcpy4                          0x0800051f   Thumb Code     0  rt_memcpy_w.o(.text)
    __aeabi_memcpy8                          0x0800051f   Thumb Code     0  rt_memcpy_w.o(.text)
    __rt_memcpy_w                            0x0800051f   Thumb Code   100  rt_memcpy_w.o(.text)
    _memcpy_lastbytes_aligned                0x08000567   Thumb Code     0  rt_memcpy_w.o(.text)
    __aeabi_memset                           0x08000583   Thumb Code    16  aeabi_memset.o(.text)
    __aeabi_memclr                           0x08000593   Thumb Code     0  rt_memclr.o(.text)
    __rt_memclr                              0x08000593   Thumb Code    68  rt_memclr.o(.text)
    _memset                                  0x08000597   Thumb Code     0  rt_memclr.o(.text)
    __aeabi_memclr4                          0x080005d7   Thumb Code     0  rt_memclr_w.o(.text)
    __aeabi_memclr8                          0x080005d7   Thumb Code     0  rt_memclr_w.o(.text)
    __rt_memclr_w                            0x080005d7   Thumb Code    78  rt_memclr_w.o(.text)
    _memset_w                                0x080005db   Thumb Code     0  rt_memclr_w.o(.text)
    __use_two_region_memory                  0x08000625   Thumb Code     2  heapauxi.o(.text)
    __rt_heap_escrow$2region                 0x08000627   Thumb Code     2  heapauxi.o(.text)
    __rt_heap_expand$2region                 0x08000629   Thumb Code     2  heapauxi.o(.text)
    __read_errno                             0x0800062b   Thumb Code    10  _rserrno.o(.text)
    __set_errno                              0x08000635   Thumb Code    12  _rserrno.o(.text)
    _scanf_really_real                       0x0800088d   Thumb Code   684  scanf_fp.o(.text)
    __vfscanf_char                           0x08000b45   Thumb Code    24  scanf_char.o(.text)
    _sgetc                                   0x08000b65   Thumb Code    30  _sgetc.o(.text)
    _sbackspace                              0x08000b83   Thumb Code    34  _sgetc.o(.text)
    __rt_locale                              0x08000ba5   Thumb Code     8  rt_locale_intlibspace.o(.text)
    __aeabi_errno_addr                       0x08000bad   Thumb Code     8  rt_errno_addr_intlibspace.o(.text)
    __errno$intlibspace                      0x08000bad   Thumb Code     0  rt_errno_addr_intlibspace.o(.text)
    __rt_errno_addr$intlibspace              0x08000bad   Thumb Code     0  rt_errno_addr_intlibspace.o(.text)
    isspace                                  0x08000bb5   Thumb Code    18  isspace.o(.text)
    __vfscanf                                0x08000bc9   Thumb Code   880  _scanf.o(.text)
    _btod_etento                             0x08000f3d   Thumb Code   224  bigflt0.o(.text)
    __user_libspace                          0x08001021   Thumb Code     8  libspace.o(.text)
    __user_perproc_libspace                  0x08001021   Thumb Code     0  libspace.o(.text)
    __user_perthread_libspace                0x08001021   Thumb Code     0  libspace.o(.text)
    __user_setup_stackheap                   0x08001029   Thumb Code    74  sys_stackheap_outer.o(.text)
    __rt_ctype_table                         0x08001075   Thumb Code    16  rt_ctype_table.o(.text)
    _scanf_really_hex_real                   0x08001085   Thumb Code   786  scanf_hexfp.o(.text)
    _scanf_really_infnan                     0x080013a5   Thumb Code   292  scanf_infnan.o(.text)
    exit                                     0x080014d9   Thumb Code    18  exit.o(.text)
    strcmp                                   0x080014ed   Thumb Code   128  strcmpv7m.o(.text)
    _chval                                   0x0800156d   Thumb Code    28  _chval.o(.text)
    _sys_exit                                0x08001589   Thumb Code     8  sys_exit.o(.text)
    __I$use$semihosting                      0x08001595   Thumb Code     0  use_no_semi.o(.text)
    __use_no_semihosting_swi                 0x08001595   Thumb Code     2  use_no_semi.o(.text)
    __btod_div_common                        0x08001597   Thumb Code   696  btod.o(CL$$btod_div_common)
    __semihosting_library_function           0x08001597   Thumb Code     0  indicate_semi.o(.text)
    _e2d                                     0x080018d1   Thumb Code   122  btod.o(CL$$btod_e2d)
    _e2e                                     0x08001955   Thumb Code   220  btod.o(CL$$btod_e2e)
    _btod_ediv                               0x08001a31   Thumb Code    42  btod.o(CL$$btod_ediv)
    _btod_edivd                              0x08001a5b   Thumb Code    42  btod.o(CL$$btod_edivd)
    _btod_emul                               0x08001a85   Thumb Code    42  btod.o(CL$$btod_emul)
    _btod_emuld                              0x08001aaf   Thumb Code    42  btod.o(CL$$btod_emuld)
    __btod_mult_common                       0x08001ad9   Thumb Code   580  btod.o(CL$$btod_mult_common)
    BusFault_Handler                         0x08001d1d   Thumb Code     4  stm32f4xx_it.o(i.BusFault_Handler)
    Car_Init                                 0x08001d21   Thumb Code    28  car.o(i.Car_Init)
    Car_Start                                0x08001d51   Thumb Code    62  car.o(i.Car_Start)
    Control_Task                             0x08001dbd   Thumb Code    18  car.o(i.Control_Task)
    DebugMon_Handler                         0x08001dcf   Thumb Code     2  stm32f4xx_it.o(i.DebugMon_Handler)
    Error_Handler                            0x08001dd1   Thumb Code     6  main.o(i.Error_Handler)
    HAL_DMA_Abort                            0x08001dd7   Thumb Code   172  stm32f4xx_hal_dma.o(i.HAL_DMA_Abort)
    HAL_DMA_Abort_IT                         0x08001e83   Thumb Code    40  stm32f4xx_hal_dma.o(i.HAL_DMA_Abort_IT)
    HAL_Delay                                0x08001ead   Thumb Code    36  stm32f4xx_hal.o(i.HAL_Delay)
    HAL_GPIO_Init                            0x08001ed5   Thumb Code   454  stm32f4xx_hal_gpio.o(i.HAL_GPIO_Init)
    HAL_GPIO_ReadPin                         0x080020c9   Thumb Code    16  stm32f4xx_hal_gpio.o(i.HAL_GPIO_ReadPin)
    HAL_GPIO_WritePin                        0x080020d9   Thumb Code    12  stm32f4xx_hal_gpio.o(i.HAL_GPIO_WritePin)
    HAL_GetTick                              0x080020e5   Thumb Code     6  stm32f4xx_hal.o(i.HAL_GetTick)
    HAL_IncTick                              0x080020f1   Thumb Code    16  stm32f4xx_hal.o(i.HAL_IncTick)
    HAL_Init                                 0x08002109   Thumb Code    54  stm32f4xx_hal.o(i.HAL_Init)
    HAL_InitTick                             0x08002145   Thumb Code   160  stm32f4xx_hal_timebase_tim.o(i.HAL_InitTick)
    HAL_MspInit                              0x080021f9   Thumb Code    78  stm32f4xx_hal_msp.o(i.HAL_MspInit)
    HAL_NVIC_EnableIRQ                       0x0800224d   Thumb Code    40  stm32f4xx_hal_cortex.o(i.HAL_NVIC_EnableIRQ)
    HAL_NVIC_SetPriority                     0x08002275   Thumb Code   124  stm32f4xx_hal_cortex.o(i.HAL_NVIC_SetPriority)
    HAL_NVIC_SetPriorityGrouping             0x080022f1   Thumb Code    32  stm32f4xx_hal_cortex.o(i.HAL_NVIC_SetPriorityGrouping)
    HAL_RCC_ClockConfig                      0x08002319   Thumb Code   368  stm32f4xx_hal_rcc.o(i.HAL_RCC_ClockConfig)
    HAL_RCC_GetClockConfig                   0x0800249d   Thumb Code    58  stm32f4xx_hal_rcc.o(i.HAL_RCC_GetClockConfig)
    HAL_RCC_GetHCLKFreq                      0x080024e1   Thumb Code     6  stm32f4xx_hal_rcc.o(i.HAL_RCC_GetHCLKFreq)
    HAL_RCC_GetPCLK1Freq                     0x080024ed   Thumb Code    22  stm32f4xx_hal_rcc.o(i.HAL_RCC_GetPCLK1Freq)
    HAL_RCC_GetPCLK2Freq                     0x0800250d   Thumb Code    22  stm32f4xx_hal_rcc.o(i.HAL_RCC_GetPCLK2Freq)
    HAL_RCC_GetSysClockFreq                  0x0800252d   Thumb Code   162  stm32f4xx_hal_rcc.o(i.HAL_RCC_GetSysClockFreq)
    HAL_RCC_OscConfig                        0x080025dd   Thumb Code  1172  stm32f4xx_hal_rcc.o(i.HAL_RCC_OscConfig)
    HAL_TIMEx_BreakCallback                  0x08002a79   Thumb Code     2  stm32f4xx_hal_tim_ex.o(i.HAL_TIMEx_BreakCallback)
    HAL_TIMEx_CommutCallback                 0x08002a7b   Thumb Code     2  stm32f4xx_hal_tim_ex.o(i.HAL_TIMEx_CommutCallback)
    HAL_TIMEx_MasterConfigSynchronization    0x08002a7d   Thumb Code   150  stm32f4xx_hal_tim_ex.o(i.HAL_TIMEx_MasterConfigSynchronization)
    HAL_TIM_Base_Init                        0x08002b31   Thumb Code   102  stm32f4xx_hal_tim.o(i.HAL_TIM_Base_Init)
    HAL_TIM_Base_MspInit                     0x08002b99   Thumb Code    62  tim.o(i.HAL_TIM_Base_MspInit)
    HAL_TIM_Base_Start_IT                    0x08002be1   Thumb Code   138  stm32f4xx_hal_tim.o(i.HAL_TIM_Base_Start_IT)
    HAL_TIM_ConfigClockSource                0x08002c89   Thumb Code   268  stm32f4xx_hal_tim.o(i.HAL_TIM_ConfigClockSource)
    HAL_TIM_IC_CaptureCallback               0x08002d95   Thumb Code     2  stm32f4xx_hal_tim.o(i.HAL_TIM_IC_CaptureCallback)
    HAL_TIM_IRQHandler                       0x08002d97   Thumb Code   364  stm32f4xx_hal_tim.o(i.HAL_TIM_IRQHandler)
    HAL_TIM_MspPostInit                      0x08002f05   Thumb Code    86  tim.o(i.HAL_TIM_MspPostInit)
    HAL_TIM_OC_DelayElapsedCallback          0x08002f69   Thumb Code     2  stm32f4xx_hal_tim.o(i.HAL_TIM_OC_DelayElapsedCallback)
    HAL_TIM_PWM_ConfigChannel                0x08002f6b   Thumb Code   260  stm32f4xx_hal_tim.o(i.HAL_TIM_PWM_ConfigChannel)
    HAL_TIM_PWM_Init                         0x0800306f   Thumb Code   102  stm32f4xx_hal_tim.o(i.HAL_TIM_PWM_Init)
    HAL_TIM_PWM_MspInit                      0x080030d5   Thumb Code     2  stm32f4xx_hal_tim.o(i.HAL_TIM_PWM_MspInit)
    HAL_TIM_PWM_PulseFinishedCallback        0x080030d7   Thumb Code     2  stm32f4xx_hal_tim.o(i.HAL_TIM_PWM_PulseFinishedCallback)
    HAL_TIM_PWM_Stop_IT                      0x080030d9   Thumb Code   244  stm32f4xx_hal_tim.o(i.HAL_TIM_PWM_Stop_IT)
    HAL_TIM_PeriodElapsedCallback            0x080031d5   Thumb Code   102  main.o(i.HAL_TIM_PeriodElapsedCallback)
    HAL_TIM_TriggerCallback                  0x08003251   Thumb Code     2  stm32f4xx_hal_tim.o(i.HAL_TIM_TriggerCallback)
    HAL_UARTEx_RxEventCallback               0x08003253   Thumb Code     2  stm32f4xx_hal_uart.o(i.HAL_UARTEx_RxEventCallback)
    HAL_UART_AbortReceiveCpltCallback        0x08003255   Thumb Code    48  car.o(i.HAL_UART_AbortReceiveCpltCallback)
    HAL_UART_AbortReceive_IT                 0x08003299   Thumb Code   214  stm32f4xx_hal_uart.o(i.HAL_UART_AbortReceive_IT)
    HAL_UART_ErrorCallback                   0x08003375   Thumb Code     2  stm32f4xx_hal_uart.o(i.HAL_UART_ErrorCallback)
    HAL_UART_IRQHandler                      0x08003379   Thumb Code   772  stm32f4xx_hal_uart.o(i.HAL_UART_IRQHandler)
    HAL_UART_Init                            0x08003681   Thumb Code   118  stm32f4xx_hal_uart.o(i.HAL_UART_Init)
    HAL_UART_MspInit                         0x080036f9   Thumb Code   266  usart.o(i.HAL_UART_MspInit)
    HAL_UART_Receive_IT                      0x08003815   Thumb Code    44  stm32f4xx_hal_uart.o(i.HAL_UART_Receive_IT)
    HAL_UART_RxCpltCallback                  0x08003841   Thumb Code     2  stm32f4xx_hal_uart.o(i.HAL_UART_RxCpltCallback)
    HAL_UART_Transmit                        0x08003843   Thumb Code   190  stm32f4xx_hal_uart.o(i.HAL_UART_Transmit)
    HAL_UART_TxCpltCallback                  0x08003901   Thumb Code     2  stm32f4xx_hal_uart.o(i.HAL_UART_TxCpltCallback)
    HardFault_Handler                        0x08003903   Thumb Code     4  stm32f4xx_it.o(i.HardFault_Handler)
    MX_GPIO_Init                             0x08003909   Thumb Code   330  gpio.o(i.MX_GPIO_Init)
    MX_TIM3_Init                             0x08003a65   Thumb Code   172  tim.o(i.MX_TIM3_Init)
    MX_USART1_UART_Init                      0x08003b19   Thumb Code    46  usart.o(i.MX_USART1_UART_Init)
    MX_USART3_UART_Init                      0x08003b51   Thumb Code    46  usart.o(i.MX_USART3_UART_Init)
    MemManage_Handler                        0x08003b89   Thumb Code     4  stm32f4xx_it.o(i.MemManage_Handler)
    NMI_Handler                              0x08003b8d   Thumb Code     4  stm32f4xx_it.o(i.NMI_Handler)
    SetMotor_SetLocation2                    0x08003b91   Thumb Code   110  stepper_motor.o(i.SetMotor_SetLocation2)
    SetMotor_SetSpeed                        0x08003c15   Thumb Code    80  stepper_motor.o(i.SetMotor_SetSpeed)
    Show_Task                                0x08003c71   Thumb Code    66  car.o(i.Show_Task)
    StMotor_Returnzero                       0x08003cbd   Thumb Code    30  stepper_motor.o(i.StMotor_Returnzero)
    StMotor_Setzero                          0x08003ce9   Thumb Code    30  stepper_motor.o(i.StMotor_Setzero)
    SysTick_Handler                          0x08003d15   Thumb Code    16  stm32f4xx_it.o(i.SysTick_Handler)
    SystemClock_Config                       0x08003d25   Thumb Code   170  main.o(i.SystemClock_Config)
    SystemInit                               0x08003dd9   Thumb Code    14  system_stm32f4xx.o(i.SystemInit)
    TIM3_IRQHandler                          0x08003ded   Thumb Code    10  stm32f4xx_it.o(i.TIM3_IRQHandler)
    TIM8_TRG_COM_TIM14_IRQHandler            0x08003dfd   Thumb Code    10  stm32f4xx_it.o(i.TIM8_TRG_COM_TIM14_IRQHandler)
    TIM_Base_SetConfig                       0x08003e0d   Thumb Code   178  stm32f4xx_hal_tim.o(i.TIM_Base_SetConfig)
    TIM_CCxChannelCmd                        0x08003eed   Thumb Code    34  stm32f4xx_hal_tim.o(i.TIM_CCxChannelCmd)
    TIM_ETR_SetConfig                        0x08003f0f   Thumb Code    22  stm32f4xx_hal_tim.o(i.TIM_ETR_SetConfig)
    TIM_OC2_SetConfig                        0x08003fa9   Thumb Code   114  stm32f4xx_hal_tim.o(i.TIM_OC2_SetConfig)
    UART_Start_Receive_IT                    0x08004521   Thumb Code    64  stm32f4xx_hal_uart.o(i.UART_Start_Receive_IT)
    USART1_IRQHandler                        0x0800464d   Thumb Code    56  stm32f4xx_it.o(i.USART1_IRQHandler)
    USART3_IRQHandler                        0x08004689   Thumb Code    10  stm32f4xx_it.o(i.USART3_IRQHandler)
    UsageFault_Handler                       0x08004699   Thumb Code     4  stm32f4xx_it.o(i.UsageFault_Handler)
    Vision_Track                             0x0800469d   Thumb Code   620  stepper_motor.o(i.Vision_Track)
    Vision_dealdata                          0x08004921   Thumb Code   152  k230.o(i.Vision_dealdata)
    __hardfp___mathlib_tofloat               0x08004a11   Thumb Code   232  narrow.o(i.__hardfp___mathlib_tofloat)
    __hardfp_fabs                            0x08004b09   Thumb Code    20  fabs.o(i.__hardfp_fabs)
    __hardfp_ldexp                           0x08004b21   Thumb Code   200  ldexp.o(i.__hardfp_ldexp)
    __mathlib_dbl_overflow                   0x08004bf1   Thumb Code    24  dunder.o(i.__mathlib_dbl_overflow)
    __mathlib_dbl_underflow                  0x08004c11   Thumb Code    24  dunder.o(i.__mathlib_dbl_underflow)
    __mathlib_narrow                         0x08004c31   Thumb Code    18  narrow.o(i.__mathlib_narrow)
    __support_ldexp                          0x08004c43   Thumb Code    20  ldexp.o(i.__support_ldexp)
    _is_digit                                0x08004c57   Thumb Code    14  scanf_fp.o(i._is_digit)
    frexp                                    0x08004c69   Thumb Code   118  frexp.o(i.frexp)
    key_scan                                 0x08004cf5   Thumb Code   130  car.o(i.key_scan)
    lightup                                  0x08004da5   Thumb Code    22  car.o(i.lightup)
    main                                     0x08004dc5   Thumb Code   380  main.o(i.main)
    pvPortMalloc                             0x08005415   Thumb Code   280  heap_4.o(i.pvPortMalloc)
    pxPortInitialiseStack                    0x08005541   Thumb Code    38  port.o(i.pxPortInitialiseStack)
    sign                                     0x0800556d   Thumb Code    20  stepper_motor.o(i.sign)
    task1                                    0x08005581   Thumb Code    56  car.o(i.task1)
    task2                                    0x080055c5   Thumb Code    98  car.o(i.task2)
    task3                                    0x08005641   Thumb Code     2  car.o(i.task3)
    uxListRemove                             0x08005643   Thumb Code    40  list.o(i.uxListRemove)
    vListInitialise                          0x0800566b   Thumb Code    26  list.o(i.vListInitialise)
    vListInitialiseItem                      0x08005685   Thumb Code     6  list.o(i.vListInitialiseItem)
    vListInsert                              0x0800568b   Thumb Code    52  list.o(i.vListInsert)
    vListInsertEnd                           0x080056bf   Thumb Code    24  list.o(i.vListInsertEnd)
    vPortEnterCritical                       0x080056d9   Thumb Code    76  port.o(i.vPortEnterCritical)
    vPortExitCritical                        0x0800572d   Thumb Code    56  port.o(i.vPortExitCritical)
    vPortFree                                0x08005769   Thumb Code   132  heap_4.o(i.vPortFree)
    vPortSetupTimerInterrupt                 0x080057f5   Thumb Code    36  port.o(i.vPortSetupTimerInterrupt)
    vTaskDelay                               0x0800581d   Thumb Code    82  tasks.o(i.vTaskDelay)
    vTaskDelete                              0x08005879   Thumb Code   210  tasks.o(i.vTaskDelete)
    vTaskStartScheduler                      0x08005975   Thumb Code   112  tasks.o(i.vTaskStartScheduler)
    vTaskSuspendAll                          0x08005a05   Thumb Code    12  tasks.o(i.vTaskSuspendAll)
    vTaskSwitchContext                       0x08005a15   Thumb Code   118  tasks.o(i.vTaskSwitchContext)
    xPortStartScheduler                      0x08005aa1   Thumb Code   330  port.o(i.xPortStartScheduler)
    xPortSysTickHandler                      0x08005c09   Thumb Code    46  port.o(i.xPortSysTickHandler)
    xTaskCreate                              0x08005c3d   Thumb Code   104  tasks.o(i.xTaskCreate)
    xTaskGetSchedulerState                   0x08005ca5   Thumb Code    24  tasks.o(i.xTaskGetSchedulerState)
    xTaskIncrementTick                       0x08005cc5   Thumb Code   398  tasks.o(i.xTaskIncrementTick)
    xTaskResumeAll                           0x08005e81   Thumb Code   338  tasks.o(i.xTaskResumeAll)
    _get_lc_numeric                          0x08005ff9   Thumb Code    44  lc_numeric_c.o(locale$$code)
    _get_lc_ctype                            0x08006025   Thumb Code    44  lc_ctype_c.o(locale$$code)
    __aeabi_d2f                              0x08006051   Thumb Code     0  d2f.o(x$fpl$d2f)
    _d2f                                     0x08006051   Thumb Code    98  d2f.o(x$fpl$d2f)
    __fpl_dcheck_NaN1                        0x080060b5   Thumb Code    10  dcheck1.o(x$fpl$dcheck1)
    __fpl_dcmp_Inf                           0x080060c5   Thumb Code    24  dcmpi.o(x$fpl$dcmpinf)
    __aeabi_cdcmpeq                          0x080060dd   Thumb Code     0  deqf.o(x$fpl$deqf)
    _dcmpeq                                  0x080060dd   Thumb Code   120  deqf.o(x$fpl$deqf)
    __aeabi_cdcmple                          0x08006155   Thumb Code     0  dleqf.o(x$fpl$dleqf)
    _dcmple                                  0x08006155   Thumb Code   120  dleqf.o(x$fpl$dleqf)
    __fpl_dcmple_InfNaN                      0x080061b7   Thumb Code     0  dleqf.o(x$fpl$dleqf)
    __aeabi_dmul                             0x080061cd   Thumb Code     0  dmul.o(x$fpl$dmul)
    _dmul                                    0x080061cd   Thumb Code   332  dmul.o(x$fpl$dmul)
    __fpl_dnaninf                            0x08006321   Thumb Code   156  dnaninf.o(x$fpl$dnaninf)
    __fpl_dretinf                            0x080063bd   Thumb Code    12  dretinf.o(x$fpl$dretinf)
    __aeabi_cdrcmple                         0x080063c9   Thumb Code     0  drleqf.o(x$fpl$drleqf)
    _drcmple                                 0x080063c9   Thumb Code   108  drleqf.o(x$fpl$drleqf)
    __aeabi_f2d                              0x08006435   Thumb Code     0  f2d.o(x$fpl$f2d)
    _f2d                                     0x08006435   Thumb Code    86  f2d.o(x$fpl$f2d)
    __fpl_fnaninf                            0x0800648b   Thumb Code   140  fnaninf.o(x$fpl$fnaninf)
    _fp_init                                 0x08006517   Thumb Code    10  fpinit.o(x$fpl$fpinit)
    __fplib_config_fpu_vfp                   0x0800651f   Thumb Code     0  fpinit.o(x$fpl$fpinit)
    __fplib_config_pureend_doubles           0x0800651f   Thumb Code     0  fpinit.o(x$fpl$fpinit)
    __fpl_fretinf                            0x08006521   Thumb Code    10  fretinf.o(x$fpl$fretinf)
    __ieee_status                            0x0800652b   Thumb Code     6  istatus.o(x$fpl$ieeestatus)
    __fpl_return_NaN                         0x08006531   Thumb Code   100  retnan.o(x$fpl$retnan)
    __ARM_scalbn                             0x08006595   Thumb Code    92  scalbn.o(x$fpl$scalbn)
    _scanf_real                              0x080065f1   Thumb Code     4  scanf1.o(x$fpl$scanf1)
    _scanf_hex_real                          0x080065f5   Thumb Code     4  scanf2.o(x$fpl$scanf2)
    _scanf_infnan                            0x080065f9   Thumb Code     4  scanf2.o(x$fpl$scanf2)
    __fpl_cmpreturn                          0x080065fd   Thumb Code    48  trapv.o(x$fpl$trapveneer)
    AHBPrescTable                            0x0800662c   Data          16  system_stm32f4xx.o(.constdata)
    __I$use$fp                               0x0800662c   Number         0  usenofp.o(x$fpl$usenofp)
    APBPrescTable                            0x0800663c   Data           8  system_stm32f4xx.o(.constdata)
    Region$$Table$$Base                      0x080066d8   Number         0  anon$$obj.o(Region$$Table)
    Region$$Table$$Limit                     0x080066f8   Number         0  anon$$obj.o(Region$$Table)
    __aeabi_HUGE_VAL                         0x080066f8   Data           0  fpconst.o(c$$dinf)
    __aeabi_HUGE_VALL                        0x080066f8   Data           0  fpconst.o(c$$dinf)
    __aeabi_INFINITY                         0x080066f8   Data           0  fpconst.o(c$$dinf)
    __dInf                                   0x080066f8   Data           0  fpconst.o(c$$dinf)
    __huge_val                               0x080066f8   Data           0  fpconst.o(c$$dinf)
    __dbl_max                                0x08006700   Data           0  fpconst.o(c$$dmax)
    __ctype                                  0x08006731   Data           0  lc_ctype_c.o(locale$$data)
    pxCurrentTCB                             0x20000000   Data           4  tasks.o(.data)
    uxTopUsedPriority                        0x20000038   Data           4  tasks.o(.data)
    uwTick                                   0x20000068   Data           4  stm32f4xx_hal.o(.data)
    uwTickPrio                               0x2000006c   Data           4  stm32f4xx_hal.o(.data)
    uwTickFreq                               0x20000070   Data           1  stm32f4xx_hal.o(.data)
    SystemCoreClock                          0x20000074   Data           4  system_stm32f4xx.o(.data)
    flag                                     0x20000078   Data           1  main.o(.data)
    angle                                    0x2000007c   Data           4  main.o(.data)
    motordata                                0x20000080   Data           8  stepper_motor.o(.data)
    stmotor_rxflag                           0x20000088   Data           1  stepper_motor.o(.data)
    stopcom                                  0x20000089   Data           5  stepper_motor.o(.data)
    clearlocation                            0x2000008e   Data           4  stepper_motor.o(.data)
    step                                     0x20000092   Data           2  stepper_motor.o(.data)
    pulse                                    0x20000094   Data           8  stepper_motor.o(.data)
    lightflag                                0x2000009c   Data           1  stepper_motor.o(.data)
    commend                                  0x2000009d   Data           3  stepper_motor.o(.data)
    k230rxflag                               0x200000a0   Data           1  k230.o(.data)
    stopflag                                 0x200000a1   Data           1  k230.o(.data)
    car_start_handle                         0x200000a4   Data           4  car.o(.data)
    control_task_handle                      0x200000a8   Data           4  car.o(.data)
    show_task_handle                         0x200000ac   Data           4  car.o(.data)
    debugdata                                0x200000b0   Data           5  car.o(.data)
    debugflag                                0x200000b5   Data           1  car.o(.data)
    leftflag                                 0x200000b6   Data           1  car.o(.data)
    rightflag                                0x200000b7   Data           1  car.o(.data)
    shiftflag                                0x200000b8   Data           1  car.o(.data)
    startflag                                0x200000b9   Data           1  car.o(.data)
    task2change                              0x200000ba   Data           1  car.o(.data)
    dirflag                                  0x200000bb   Data           1  car.o(.data)
    state1                                   0x200000bc   Data           1  car.o(.data)
    laststate1                               0x200000bd   Data           1  car.o(.data)
    state2                                   0x200000be   Data           1  car.o(.data)
    laststate2                               0x200000bf   Data           1  car.o(.data)
    state3                                   0x200000c0   Data           1  car.o(.data)
    laststate3                               0x200000c1   Data           1  car.o(.data)
    htim3                                    0x200051b4   Data          72  tim.o(.bss)
    huart1                                   0x200051fc   Data          72  usart.o(.bss)
    huart3                                   0x20005244   Data          72  usart.o(.bss)
    htim14                                   0x2000528c   Data          72  stm32f4xx_hal_timebase_tim.o(.bss)
    vision_track                             0x200052d4   Data          28  stepper_motor.o(.bss)
    vision_pidx                              0x200052f0   Data          32  stepper_motor.o(.bss)
    vision_pidy                              0x20005310   Data          32  stepper_motor.o(.bss)
    k230rxdata                               0x20005330   Data          30  k230.o(.bss)
    dealdata                                 0x2000534e   Data          30  k230.o(.bss)
    __libspace_start                         0x2000536c   Data          96  libspace.o(.bss)
    __temporary_stack_top$libspace           0x200053cc   Data           0  libspace.o(.bss)



==============================================================================

Memory Map of the image

  Image Entry point : 0x08000189

  Load Region LR_IROM1 (Base: 0x08000000, Size: 0x000068f8, Max: 0x00080000, ABSOLUTE)

    Execution Region ER_IROM1 (Exec base: 0x08000000, Load base: 0x08000000, Size: 0x00006834, Max: 0x00080000, ABSOLUTE)

    Exec Addr    Load Addr    Size         Type   Attr      Idx    E Section Name        Object

    0x08000000   0x08000000   0x00000188   Data   RO            3    RESET               startup_stm32f407xx.o
    0x08000188   0x08000188   0x00000008   Code   RO        10535  * !!!main             c_w.l(__main.o)
    0x08000190   0x08000190   0x00000034   Code   RO        11027    !!!scatter          c_w.l(__scatter.o)
    0x080001c4   0x080001c4   0x0000001a   Code   RO        11029    !!handler_copy      c_w.l(__scatter_copy.o)
    0x080001de   0x080001de   0x00000002   PAD
    0x080001e0   0x080001e0   0x0000001c   Code   RO        11031    !!handler_zi        c_w.l(__scatter_zi.o)
    0x080001fc   0x080001fc   0x00000002   Code   RO        10863    .ARM.Collect$$libinit$$00000000  c_w.l(libinit.o)
    0x080001fe   0x080001fe   0x00000004   Code   RO        10864    .ARM.Collect$$libinit$$00000001  c_w.l(libinit2.o)
    0x08000202   0x08000202   0x00000000   Code   RO        10867    .ARM.Collect$$libinit$$00000004  c_w.l(libinit2.o)
    0x08000202   0x08000202   0x00000000   Code   RO        10870    .ARM.Collect$$libinit$$0000000A  c_w.l(libinit2.o)
    0x08000202   0x08000202   0x00000000   Code   RO        10872    .ARM.Collect$$libinit$$0000000C  c_w.l(libinit2.o)
    0x08000202   0x08000202   0x00000000   Code   RO        10874    .ARM.Collect$$libinit$$0000000E  c_w.l(libinit2.o)
    0x08000202   0x08000202   0x00000006   Code   RO        10875    .ARM.Collect$$libinit$$0000000F  c_w.l(libinit2.o)
    0x08000208   0x08000208   0x00000000   Code   RO        10877    .ARM.Collect$$libinit$$00000011  c_w.l(libinit2.o)
    0x08000208   0x08000208   0x0000000c   Code   RO        10878    .ARM.Collect$$libinit$$00000012  c_w.l(libinit2.o)
    0x08000214   0x08000214   0x00000000   Code   RO        10879    .ARM.Collect$$libinit$$00000013  c_w.l(libinit2.o)
    0x08000214   0x08000214   0x00000000   Code   RO        10881    .ARM.Collect$$libinit$$00000015  c_w.l(libinit2.o)
    0x08000214   0x08000214   0x0000000a   Code   RO        10882    .ARM.Collect$$libinit$$00000016  c_w.l(libinit2.o)
    0x0800021e   0x0800021e   0x00000000   Code   RO        10883    .ARM.Collect$$libinit$$00000017  c_w.l(libinit2.o)
    0x0800021e   0x0800021e   0x00000000   Code   RO        10885    .ARM.Collect$$libinit$$00000019  c_w.l(libinit2.o)
    0x0800021e   0x0800021e   0x00000000   Code   RO        10887    .ARM.Collect$$libinit$$0000001B  c_w.l(libinit2.o)
    0x0800021e   0x0800021e   0x00000000   Code   RO        10889    .ARM.Collect$$libinit$$0000001D  c_w.l(libinit2.o)
    0x0800021e   0x0800021e   0x00000000   Code   RO        10891    .ARM.Collect$$libinit$$0000001F  c_w.l(libinit2.o)
    0x0800021e   0x0800021e   0x00000000   Code   RO        10893    .ARM.Collect$$libinit$$00000021  c_w.l(libinit2.o)
    0x0800021e   0x0800021e   0x00000000   Code   RO        10895    .ARM.Collect$$libinit$$00000023  c_w.l(libinit2.o)
    0x0800021e   0x0800021e   0x00000000   Code   RO        10897    .ARM.Collect$$libinit$$00000025  c_w.l(libinit2.o)
    0x0800021e   0x0800021e   0x00000000   Code   RO        10901    .ARM.Collect$$libinit$$0000002C  c_w.l(libinit2.o)
    0x0800021e   0x0800021e   0x00000000   Code   RO        10903    .ARM.Collect$$libinit$$0000002E  c_w.l(libinit2.o)
    0x0800021e   0x0800021e   0x00000000   Code   RO        10905    .ARM.Collect$$libinit$$00000030  c_w.l(libinit2.o)
    0x0800021e   0x0800021e   0x00000000   Code   RO        10907    .ARM.Collect$$libinit$$00000032  c_w.l(libinit2.o)
    0x0800021e   0x0800021e   0x00000002   Code   RO        10908    .ARM.Collect$$libinit$$00000033  c_w.l(libinit2.o)
    0x08000220   0x08000220   0x00000002   Code   RO        10984    .ARM.Collect$$libshutdown$$00000000  c_w.l(libshutdown.o)
    0x08000222   0x08000222   0x00000000   Code   RO        11004    .ARM.Collect$$libshutdown$$00000002  c_w.l(libshutdown2.o)
    0x08000222   0x08000222   0x00000000   Code   RO        11006    .ARM.Collect$$libshutdown$$00000004  c_w.l(libshutdown2.o)
    0x08000222   0x08000222   0x00000000   Code   RO        11008    .ARM.Collect$$libshutdown$$00000006  c_w.l(libshutdown2.o)
    0x08000222   0x08000222   0x00000000   Code   RO        11011    .ARM.Collect$$libshutdown$$00000009  c_w.l(libshutdown2.o)
    0x08000222   0x08000222   0x00000000   Code   RO        11014    .ARM.Collect$$libshutdown$$0000000C  c_w.l(libshutdown2.o)
    0x08000222   0x08000222   0x00000000   Code   RO        11016    .ARM.Collect$$libshutdown$$0000000E  c_w.l(libshutdown2.o)
    0x08000222   0x08000222   0x00000000   Code   RO        11019    .ARM.Collect$$libshutdown$$00000011  c_w.l(libshutdown2.o)
    0x08000222   0x08000222   0x00000002   Code   RO        11020    .ARM.Collect$$libshutdown$$00000012  c_w.l(libshutdown2.o)
    0x08000224   0x08000224   0x00000000   Code   RO        10697    .ARM.Collect$$rtentry$$00000000  c_w.l(__rtentry.o)
    0x08000224   0x08000224   0x00000000   Code   RO        10763    .ARM.Collect$$rtentry$$00000002  c_w.l(__rtentry2.o)
    0x08000224   0x08000224   0x00000006   Code   RO        10775    .ARM.Collect$$rtentry$$00000004  c_w.l(__rtentry4.o)
    0x0800022a   0x0800022a   0x00000000   Code   RO        10765    .ARM.Collect$$rtentry$$00000009  c_w.l(__rtentry2.o)
    0x0800022a   0x0800022a   0x00000004   Code   RO        10766    .ARM.Collect$$rtentry$$0000000A  c_w.l(__rtentry2.o)
    0x0800022e   0x0800022e   0x00000000   Code   RO        10768    .ARM.Collect$$rtentry$$0000000C  c_w.l(__rtentry2.o)
    0x0800022e   0x0800022e   0x00000008   Code   RO        10769    .ARM.Collect$$rtentry$$0000000D  c_w.l(__rtentry2.o)
    0x08000236   0x08000236   0x00000002   Code   RO        10915    .ARM.Collect$$rtexit$$00000000  c_w.l(rtexit.o)
    0x08000238   0x08000238   0x00000000   Code   RO        10951    .ARM.Collect$$rtexit$$00000002  c_w.l(rtexit2.o)
    0x08000238   0x08000238   0x00000004   Code   RO        10952    .ARM.Collect$$rtexit$$00000003  c_w.l(rtexit2.o)
    0x0800023c   0x0800023c   0x00000006   Code   RO        10953    .ARM.Collect$$rtexit$$00000004  c_w.l(rtexit2.o)
    0x08000242   0x08000242   0x00000002   PAD
    0x08000244   0x08000244   0x000000be   Code   RO          935    .emb_text           port.o
    0x08000302   0x08000302   0x00000002   PAD
    0x08000304   0x08000304   0x00000040   Code   RO            4    .text               startup_stm32f407xx.o
    0x08000344   0x08000344   0x000000ee   Code   RO        10511    .text               c_w.l(lludivv7m.o)
    0x08000432   0x08000432   0x00000026   Code   RO        10513    .text               c_w.l(llshl.o)
    0x08000458   0x08000458   0x0000003c   Code   RO        10519    .text               c_w.l(__0sscanf.o)
    0x08000494   0x08000494   0x0000008a   Code   RO        10521    .text               c_w.l(rt_memcpy_v6.o)
    0x0800051e   0x0800051e   0x00000064   Code   RO        10523    .text               c_w.l(rt_memcpy_w.o)
    0x08000582   0x08000582   0x00000010   Code   RO        10527    .text               c_w.l(aeabi_memset.o)
    0x08000592   0x08000592   0x00000044   Code   RO        10529    .text               c_w.l(rt_memclr.o)
    0x080005d6   0x080005d6   0x0000004e   Code   RO        10531    .text               c_w.l(rt_memclr_w.o)
    0x08000624   0x08000624   0x00000006   Code   RO        10533    .text               c_w.l(heapauxi.o)
    0x0800062a   0x0800062a   0x00000016   Code   RO        10702    .text               c_w.l(_rserrno.o)
    0x08000640   0x08000640   0x000004f8   Code   RO        10704    .text               c_w.l(scanf_fp.o)
    0x08000b38   0x08000b38   0x0000002c   Code   RO        10708    .text               c_w.l(scanf_char.o)
    0x08000b64   0x08000b64   0x00000040   Code   RO        10710    .text               c_w.l(_sgetc.o)
    0x08000ba4   0x08000ba4   0x00000008   Code   RO        10782    .text               c_w.l(rt_locale_intlibspace.o)
    0x08000bac   0x08000bac   0x00000008   Code   RO        10787    .text               c_w.l(rt_errno_addr_intlibspace.o)
    0x08000bb4   0x08000bb4   0x00000012   Code   RO        10789    .text               c_w.l(isspace.o)
    0x08000bc6   0x08000bc6   0x00000002   PAD
    0x08000bc8   0x08000bc8   0x00000374   Code   RO        10791    .text               c_w.l(_scanf.o)
    0x08000f3c   0x08000f3c   0x000000e4   Code   RO        10793    .text               c_w.l(bigflt0.o)
    0x08001020   0x08001020   0x00000008   Code   RO        10839    .text               c_w.l(libspace.o)
    0x08001028   0x08001028   0x0000004a   Code   RO        10842    .text               c_w.l(sys_stackheap_outer.o)
    0x08001072   0x08001072   0x00000002   PAD
    0x08001074   0x08001074   0x00000010   Code   RO        10844    .text               c_w.l(rt_ctype_table.o)
    0x08001084   0x08001084   0x00000320   Code   RO        10846    .text               c_w.l(scanf_hexfp.o)
    0x080013a4   0x080013a4   0x00000134   Code   RO        10848    .text               c_w.l(scanf_infnan.o)
    0x080014d8   0x080014d8   0x00000012   Code   RO        10850    .text               c_w.l(exit.o)
    0x080014ea   0x080014ea   0x00000002   PAD
    0x080014ec   0x080014ec   0x00000080   Code   RO        10856    .text               c_w.l(strcmpv7m.o)
    0x0800156c   0x0800156c   0x0000001c   Code   RO        10919    .text               c_w.l(_chval.o)
    0x08001588   0x08001588   0x0000000c   Code   RO        10948    .text               c_w.l(sys_exit.o)
    0x08001594   0x08001594   0x00000002   Code   RO        10971    .text               c_w.l(use_no_semi.o)
    0x08001596   0x08001596   0x00000000   Code   RO        10973    .text               c_w.l(indicate_semi.o)
    0x08001596   0x08001596   0x00000338   Code   RO        10806    CL$$btod_div_common  c_w.l(btod.o)
    0x080018ce   0x080018ce   0x00000002   PAD
    0x080018d0   0x080018d0   0x00000084   Code   RO        10804    CL$$btod_e2d        c_w.l(btod.o)
    0x08001954   0x08001954   0x000000dc   Code   RO        10803    CL$$btod_e2e        c_w.l(btod.o)
    0x08001a30   0x08001a30   0x0000002a   Code   RO        10800    CL$$btod_ediv       c_w.l(btod.o)
    0x08001a5a   0x08001a5a   0x0000002a   Code   RO        10802    CL$$btod_edivd      c_w.l(btod.o)
    0x08001a84   0x08001a84   0x0000002a   Code   RO        10799    CL$$btod_emul       c_w.l(btod.o)
    0x08001aae   0x08001aae   0x0000002a   Code   RO        10801    CL$$btod_emuld      c_w.l(btod.o)
    0x08001ad8   0x08001ad8   0x00000244   Code   RO        10805    CL$$btod_mult_common  c_w.l(btod.o)
    0x08001d1c   0x08001d1c   0x00000004   Code   RO         4054    i.BusFault_Handler  stm32f4xx_it.o
    0x08001d20   0x08001d20   0x00000030   Code   RO         4350    i.Car_Init          car.o
    0x08001d50   0x08001d50   0x0000006c   Code   RO         4351    i.Car_Start         car.o
    0x08001dbc   0x08001dbc   0x00000012   Code   RO         4352    i.Control_Task      car.o
    0x08001dce   0x08001dce   0x00000002   Code   RO         4055    i.DebugMon_Handler  stm32f4xx_it.o
    0x08001dd0   0x08001dd0   0x00000006   Code   RO         3769    i.Error_Handler     main.o
    0x08001dd6   0x08001dd6   0x000000ac   Code   RO         2666    i.HAL_DMA_Abort     stm32f4xx_hal_dma.o
    0x08001e82   0x08001e82   0x00000028   Code   RO         2667    i.HAL_DMA_Abort_IT  stm32f4xx_hal_dma.o
    0x08001eaa   0x08001eaa   0x00000002   PAD
    0x08001eac   0x08001eac   0x00000028   Code   RO         3108    i.HAL_Delay         stm32f4xx_hal.o
    0x08001ed4   0x08001ed4   0x000001f4   Code   RO         2559    i.HAL_GPIO_Init     stm32f4xx_hal_gpio.o
    0x080020c8   0x080020c8   0x00000010   Code   RO         2561    i.HAL_GPIO_ReadPin  stm32f4xx_hal_gpio.o
    0x080020d8   0x080020d8   0x0000000c   Code   RO         2563    i.HAL_GPIO_WritePin  stm32f4xx_hal_gpio.o
    0x080020e4   0x080020e4   0x0000000c   Code   RO         3114    i.HAL_GetTick       stm32f4xx_hal.o
    0x080020f0   0x080020f0   0x00000018   Code   RO         3120    i.HAL_IncTick       stm32f4xx_hal.o
    0x08002108   0x08002108   0x0000003c   Code   RO         3121    i.HAL_Init          stm32f4xx_hal.o
    0x08002144   0x08002144   0x000000b4   Code   RO         4166    i.HAL_InitTick      stm32f4xx_hal_timebase_tim.o
    0x080021f8   0x080021f8   0x00000054   Code   RO         4142    i.HAL_MspInit       stm32f4xx_hal_msp.o
    0x0800224c   0x0800224c   0x00000028   Code   RO         2951    i.HAL_NVIC_EnableIRQ  stm32f4xx_hal_cortex.o
    0x08002274   0x08002274   0x0000007c   Code   RO         2957    i.HAL_NVIC_SetPriority  stm32f4xx_hal_cortex.o
    0x080022f0   0x080022f0   0x00000028   Code   RO         2958    i.HAL_NVIC_SetPriorityGrouping  stm32f4xx_hal_cortex.o
    0x08002318   0x08002318   0x00000184   Code   RO         2160    i.HAL_RCC_ClockConfig  stm32f4xx_hal_rcc.o
    0x0800249c   0x0800249c   0x00000044   Code   RO         2164    i.HAL_RCC_GetClockConfig  stm32f4xx_hal_rcc.o
    0x080024e0   0x080024e0   0x0000000c   Code   RO         2165    i.HAL_RCC_GetHCLKFreq  stm32f4xx_hal_rcc.o
    0x080024ec   0x080024ec   0x00000020   Code   RO         2167    i.HAL_RCC_GetPCLK1Freq  stm32f4xx_hal_rcc.o
    0x0800250c   0x0800250c   0x00000020   Code   RO         2168    i.HAL_RCC_GetPCLK2Freq  stm32f4xx_hal_rcc.o
    0x0800252c   0x0800252c   0x000000b0   Code   RO         2169    i.HAL_RCC_GetSysClockFreq  stm32f4xx_hal_rcc.o
    0x080025dc   0x080025dc   0x0000049c   Code   RO         2172    i.HAL_RCC_OscConfig  stm32f4xx_hal_rcc.o
    0x08002a78   0x08002a78   0x00000002   Code   RO         1892    i.HAL_TIMEx_BreakCallback  stm32f4xx_hal_tim_ex.o
    0x08002a7a   0x08002a7a   0x00000002   Code   RO         1893    i.HAL_TIMEx_CommutCallback  stm32f4xx_hal_tim_ex.o
    0x08002a7c   0x08002a7c   0x000000b4   Code   RO         1911    i.HAL_TIMEx_MasterConfigSynchronization  stm32f4xx_hal_tim_ex.o
    0x08002b30   0x08002b30   0x00000066   Code   RO         1090    i.HAL_TIM_Base_Init  stm32f4xx_hal_tim.o
    0x08002b96   0x08002b96   0x00000002   PAD
    0x08002b98   0x08002b98   0x00000048   Code   RO         3959    i.HAL_TIM_Base_MspInit  tim.o
    0x08002be0   0x08002be0   0x000000a8   Code   RO         1095    i.HAL_TIM_Base_Start_IT  stm32f4xx_hal_tim.o
    0x08002c88   0x08002c88   0x0000010c   Code   RO         1099    i.HAL_TIM_ConfigClockSource  stm32f4xx_hal_tim.o
    0x08002d94   0x08002d94   0x00000002   Code   RO         1124    i.HAL_TIM_IC_CaptureCallback  stm32f4xx_hal_tim.o
    0x08002d96   0x08002d96   0x0000016c   Code   RO         1138    i.HAL_TIM_IRQHandler  stm32f4xx_hal_tim.o
    0x08002f02   0x08002f02   0x00000002   PAD
    0x08002f04   0x08002f04   0x00000064   Code   RO         3960    i.HAL_TIM_MspPostInit  tim.o
    0x08002f68   0x08002f68   0x00000002   Code   RO         1141    i.HAL_TIM_OC_DelayElapsedCallback  stm32f4xx_hal_tim.o
    0x08002f6a   0x08002f6a   0x00000104   Code   RO         1162    i.HAL_TIM_PWM_ConfigChannel  stm32f4xx_hal_tim.o
    0x0800306e   0x0800306e   0x00000066   Code   RO         1165    i.HAL_TIM_PWM_Init  stm32f4xx_hal_tim.o
    0x080030d4   0x080030d4   0x00000002   Code   RO         1167    i.HAL_TIM_PWM_MspInit  stm32f4xx_hal_tim.o
    0x080030d6   0x080030d6   0x00000002   Code   RO         1168    i.HAL_TIM_PWM_PulseFinishedCallback  stm32f4xx_hal_tim.o
    0x080030d8   0x080030d8   0x000000fc   Code   RO         1175    i.HAL_TIM_PWM_Stop_IT  stm32f4xx_hal_tim.o
    0x080031d4   0x080031d4   0x0000007c   Code   RO         3770    i.HAL_TIM_PeriodElapsedCallback  main.o
    0x08003250   0x08003250   0x00000002   Code   RO         1181    i.HAL_TIM_TriggerCallback  stm32f4xx_hal_tim.o
    0x08003252   0x08003252   0x00000002   Code   RO         3371    i.HAL_UARTEx_RxEventCallback  stm32f4xx_hal_uart.o
    0x08003254   0x08003254   0x00000044   Code   RO         4353    i.HAL_UART_AbortReceiveCpltCallback  car.o
    0x08003298   0x08003298   0x000000dc   Code   RO         3376    i.HAL_UART_AbortReceive_IT  stm32f4xx_hal_uart.o
    0x08003374   0x08003374   0x00000002   Code   RO         3385    i.HAL_UART_ErrorCallback  stm32f4xx_hal_uart.o
    0x08003376   0x08003376   0x00000002   PAD
    0x08003378   0x08003378   0x00000308   Code   RO         3388    i.HAL_UART_IRQHandler  stm32f4xx_hal_uart.o
    0x08003680   0x08003680   0x00000076   Code   RO         3389    i.HAL_UART_Init     stm32f4xx_hal_uart.o
    0x080036f6   0x080036f6   0x00000002   PAD
    0x080036f8   0x080036f8   0x0000011c   Code   RO         4007    i.HAL_UART_MspInit  usart.o
    0x08003814   0x08003814   0x0000002c   Code   RO         3394    i.HAL_UART_Receive_IT  stm32f4xx_hal_uart.o
    0x08003840   0x08003840   0x00000002   Code   RO         3395    i.HAL_UART_RxCpltCallback  stm32f4xx_hal_uart.o
    0x08003842   0x08003842   0x000000be   Code   RO         3397    i.HAL_UART_Transmit  stm32f4xx_hal_uart.o
    0x08003900   0x08003900   0x00000002   Code   RO         3400    i.HAL_UART_TxCpltCallback  stm32f4xx_hal_uart.o
    0x08003902   0x08003902   0x00000004   Code   RO         4056    i.HardFault_Handler  stm32f4xx_it.o
    0x08003906   0x08003906   0x00000002   PAD
    0x08003908   0x08003908   0x0000015c   Code   RO         3934    i.MX_GPIO_Init      gpio.o
    0x08003a64   0x08003a64   0x000000b4   Code   RO         3961    i.MX_TIM3_Init      tim.o
    0x08003b18   0x08003b18   0x00000038   Code   RO         4008    i.MX_USART1_UART_Init  usart.o
    0x08003b50   0x08003b50   0x00000038   Code   RO         4009    i.MX_USART3_UART_Init  usart.o
    0x08003b88   0x08003b88   0x00000004   Code   RO         4057    i.MemManage_Handler  stm32f4xx_it.o
    0x08003b8c   0x08003b8c   0x00000004   Code   RO         4058    i.NMI_Handler       stm32f4xx_it.o
    0x08003b90   0x08003b90   0x00000084   Code   RO         4208    i.SetMotor_SetLocation2  stepper_motor.o
    0x08003c14   0x08003c14   0x0000005c   Code   RO         4209    i.SetMotor_SetSpeed  stepper_motor.o
    0x08003c70   0x08003c70   0x0000004c   Code   RO         4354    i.Show_Task         car.o
    0x08003cbc   0x08003cbc   0x0000002c   Code   RO         4210    i.StMotor_Returnzero  stepper_motor.o
    0x08003ce8   0x08003ce8   0x0000002c   Code   RO         4211    i.StMotor_Setzero   stepper_motor.o
    0x08003d14   0x08003d14   0x00000010   Code   RO         4059    i.SysTick_Handler   stm32f4xx_it.o
    0x08003d24   0x08003d24   0x000000b4   Code   RO         3771    i.SystemClock_Config  main.o
    0x08003dd8   0x08003dd8   0x00000014   Code   RO         3733    i.SystemInit        system_stm32f4xx.o
    0x08003dec   0x08003dec   0x00000010   Code   RO         4060    i.TIM3_IRQHandler   stm32f4xx_it.o
    0x08003dfc   0x08003dfc   0x00000010   Code   RO         4061    i.TIM8_TRG_COM_TIM14_IRQHandler  stm32f4xx_it.o
    0x08003e0c   0x08003e0c   0x000000e0   Code   RO         1183    i.TIM_Base_SetConfig  stm32f4xx_hal_tim.o
    0x08003eec   0x08003eec   0x00000022   Code   RO         1184    i.TIM_CCxChannelCmd  stm32f4xx_hal_tim.o
    0x08003f0e   0x08003f0e   0x00000016   Code   RO         1194    i.TIM_ETR_SetConfig  stm32f4xx_hal_tim.o
    0x08003f24   0x08003f24   0x00000012   Code   RO         1195    i.TIM_ITRx_SetConfig  stm32f4xx_hal_tim.o
    0x08003f36   0x08003f36   0x00000002   PAD
    0x08003f38   0x08003f38   0x00000070   Code   RO         1196    i.TIM_OC1_SetConfig  stm32f4xx_hal_tim.o
    0x08003fa8   0x08003fa8   0x0000007c   Code   RO         1197    i.TIM_OC2_SetConfig  stm32f4xx_hal_tim.o
    0x08004024   0x08004024   0x00000078   Code   RO         1198    i.TIM_OC3_SetConfig  stm32f4xx_hal_tim.o
    0x0800409c   0x0800409c   0x00000054   Code   RO         1199    i.TIM_OC4_SetConfig  stm32f4xx_hal_tim.o
    0x080040f0   0x080040f0   0x00000026   Code   RO         1201    i.TIM_TI1_ConfigInputStage  stm32f4xx_hal_tim.o
    0x08004116   0x08004116   0x00000028   Code   RO         1203    i.TIM_TI2_ConfigInputStage  stm32f4xx_hal_tim.o
    0x0800413e   0x0800413e   0x00000012   Code   RO         3402    i.UART_DMAAbortOnError  stm32f4xx_hal_uart.o
    0x08004150   0x08004150   0x0000001c   Code   RO         3407    i.UART_DMARxOnlyAbortCallback  stm32f4xx_hal_uart.o
    0x0800416c   0x0800416c   0x0000006c   Code   RO         3412    i.UART_EndRxTransfer  stm32f4xx_hal_uart.o
    0x080041d8   0x080041d8   0x00000020   Code   RO         3413    i.UART_EndTransmit_IT  stm32f4xx_hal_uart.o
    0x080041f8   0x080041f8   0x000000fc   Code   RO         3415    i.UART_Receive_IT   stm32f4xx_hal_uart.o
    0x080042f4   0x080042f4   0x0000022c   Code   RO         3416    i.UART_SetConfig    stm32f4xx_hal_uart.o
    0x08004520   0x08004520   0x00000040   Code   RO         3418    i.UART_Start_Receive_IT  stm32f4xx_hal_uart.o
    0x08004560   0x08004560   0x00000060   Code   RO         3419    i.UART_Transmit_IT  stm32f4xx_hal_uart.o
    0x080045c0   0x080045c0   0x0000008c   Code   RO         3420    i.UART_WaitOnFlagUntilTimeout  stm32f4xx_hal_uart.o
    0x0800464c   0x0800464c   0x0000003c   Code   RO         4062    i.USART1_IRQHandler  stm32f4xx_it.o
    0x08004688   0x08004688   0x00000010   Code   RO         4063    i.USART3_IRQHandler  stm32f4xx_it.o
    0x08004698   0x08004698   0x00000004   Code   RO         4064    i.UsageFault_Handler  stm32f4xx_it.o
    0x0800469c   0x0800469c   0x00000284   Code   RO         4215    i.Vision_Track      stepper_motor.o
    0x08004920   0x08004920   0x000000b8   Code   RO         4303    i.Vision_dealdata   k230.o
    0x080049d8   0x080049d8   0x00000010   Code   RO         2964    i.__NVIC_GetPriorityGrouping  stm32f4xx_hal_cortex.o
    0x080049e8   0x080049e8   0x00000028   Code   RO         2965    i.__NVIC_SetPriority  stm32f4xx_hal_cortex.o
    0x08004a10   0x08004a10   0x000000f8   Code   RO        10831    i.__hardfp___mathlib_tofloat  m_wm.l(narrow.o)
    0x08004b08   0x08004b08   0x00000014   Code   RO        10613    i.__hardfp_fabs     m_wm.l(fabs.o)
    0x08004b1c   0x08004b1c   0x00000004   PAD
    0x08004b20   0x08004b20   0x000000d0   Code   RO        10932    i.__hardfp_ldexp    m_wm.l(ldexp.o)
    0x08004bf0   0x08004bf0   0x00000020   Code   RO        10731    i.__mathlib_dbl_overflow  m_wm.l(dunder.o)
    0x08004c10   0x08004c10   0x00000020   Code   RO        10733    i.__mathlib_dbl_underflow  m_wm.l(dunder.o)
    0x08004c30   0x08004c30   0x00000012   Code   RO        10832    i.__mathlib_narrow  m_wm.l(narrow.o)
    0x08004c42   0x08004c42   0x00000014   Code   RO        10934    i.__support_ldexp   m_wm.l(ldexp.o)
    0x08004c56   0x08004c56   0x0000000e   Code   RO        10706    i._is_digit         c_w.l(scanf_fp.o)
    0x08004c64   0x08004c64   0x00000004   PAD
    0x08004c68   0x08004c68   0x0000008c   Code   RO        10911    i.frexp             m_wm.l(frexp.o)
    0x08004cf4   0x08004cf4   0x000000b0   Code   RO         4355    i.key_scan          car.o
    0x08004da4   0x08004da4   0x00000020   Code   RO         4356    i.lightup           car.o
    0x08004dc4   0x08004dc4   0x000001a4   Code   RO         3772    i.main              main.o
    0x08004f68   0x08004f68   0x000000c0   Code   RO          569    i.prvAddCurrentTaskToDelayedList  tasks.o
    0x08005028   0x08005028   0x000000ec   Code   RO          570    i.prvAddNewTaskToReadyList  tasks.o
    0x08005114   0x08005114   0x00000048   Code   RO          571    i.prvCheckTasksWaitingTermination  tasks.o
    0x0800515c   0x0800515c   0x00000012   Code   RO          572    i.prvDeleteTCB      tasks.o
    0x0800516e   0x0800516e   0x00000002   PAD
    0x08005170   0x08005170   0x00000070   Code   RO         1012    i.prvHeapInit       heap_4.o
    0x080051e0   0x080051e0   0x00000028   Code   RO          573    i.prvIdleTask       tasks.o
    0x08005208   0x08005208   0x000000cc   Code   RO          574    i.prvInitialiseNewTask  tasks.o
    0x080052d4   0x080052d4   0x00000068   Code   RO          575    i.prvInitialiseTaskLists  tasks.o
    0x0800533c   0x0800533c   0x00000068   Code   RO         1013    i.prvInsertBlockIntoFreeList  heap_4.o
    0x080053a4   0x080053a4   0x00000030   Code   RO          577    i.prvResetNextTaskUnblockTime  tasks.o
    0x080053d4   0x080053d4   0x00000040   Code   RO          936    i.prvTaskExitError  port.o
    0x08005414   0x08005414   0x0000012c   Code   RO         1015    i.pvPortMalloc      heap_4.o
    0x08005540   0x08005540   0x0000002c   Code   RO          937    i.pxPortInitialiseStack  port.o
    0x0800556c   0x0800556c   0x00000014   Code   RO         4216    i.sign              stepper_motor.o
    0x08005580   0x08005580   0x00000044   Code   RO         4357    i.task1             car.o
    0x080055c4   0x080055c4   0x0000007c   Code   RO         4358    i.task2             car.o
    0x08005640   0x08005640   0x00000002   Code   RO         4359    i.task3             car.o
    0x08005642   0x08005642   0x00000028   Code   RO          158    i.uxListRemove      list.o
    0x0800566a   0x0800566a   0x0000001a   Code   RO          159    i.vListInitialise   list.o
    0x08005684   0x08005684   0x00000006   Code   RO          160    i.vListInitialiseItem  list.o
    0x0800568a   0x0800568a   0x00000034   Code   RO          161    i.vListInsert       list.o
    0x080056be   0x080056be   0x00000018   Code   RO          162    i.vListInsertEnd    list.o
    0x080056d6   0x080056d6   0x00000002   PAD
    0x080056d8   0x080056d8   0x00000054   Code   RO          939    i.vPortEnterCritical  port.o
    0x0800572c   0x0800572c   0x0000003c   Code   RO          940    i.vPortExitCritical  port.o
    0x08005768   0x08005768   0x0000008c   Code   RO         1016    i.vPortFree         heap_4.o
    0x080057f4   0x080057f4   0x00000028   Code   RO          941    i.vPortSetupTimerInterrupt  port.o
    0x0800581c   0x0800581c   0x0000005c   Code   RO          589    i.vTaskDelay        tasks.o
    0x08005878   0x08005878   0x000000fc   Code   RO          590    i.vTaskDelete       tasks.o
    0x08005974   0x08005974   0x00000090   Code   RO          604    i.vTaskStartScheduler  tasks.o
    0x08005a04   0x08005a04   0x00000010   Code   RO          606    i.vTaskSuspendAll   tasks.o
    0x08005a14   0x08005a14   0x0000008c   Code   RO          607    i.vTaskSwitchContext  tasks.o
    0x08005aa0   0x08005aa0   0x00000168   Code   RO          943    i.xPortStartScheduler  port.o
    0x08005c08   0x08005c08   0x00000034   Code   RO          944    i.xPortSysTickHandler  port.o
    0x08005c3c   0x08005c3c   0x00000068   Code   RO          610    i.xTaskCreate       tasks.o
    0x08005ca4   0x08005ca4   0x00000020   Code   RO          617    i.xTaskGetSchedulerState  tasks.o
    0x08005cc4   0x08005cc4   0x000001bc   Code   RO          620    i.xTaskIncrementTick  tasks.o
    0x08005e80   0x08005e80   0x00000178   Code   RO          624    i.xTaskResumeAll    tasks.o
    0x08005ff8   0x08005ff8   0x0000002c   Code   RO        10819    locale$$code        c_w.l(lc_numeric_c.o)
    0x08006024   0x08006024   0x0000002c   Code   RO        10922    locale$$code        c_w.l(lc_ctype_c.o)
    0x08006050   0x08006050   0x00000062   Code   RO        10539    x$fpl$d2f           fz_wm.l(d2f.o)
    0x080060b2   0x080060b2   0x00000002   PAD
    0x080060b4   0x080060b4   0x00000010   Code   RO        10985    x$fpl$dcheck1       fz_wm.l(dcheck1.o)
    0x080060c4   0x080060c4   0x00000018   Code   RO        10712    x$fpl$dcmpinf       fz_wm.l(dcmpi.o)
    0x080060dc   0x080060dc   0x00000078   Code   RO        10551    x$fpl$deqf          fz_wm.l(deqf.o)
    0x08006154   0x08006154   0x00000078   Code   RO        10571    x$fpl$dleqf         fz_wm.l(dleqf.o)
    0x080061cc   0x080061cc   0x00000154   Code   RO        10573    x$fpl$dmul          fz_wm.l(dmul.o)
    0x08006320   0x08006320   0x0000009c   Code   RO        10714    x$fpl$dnaninf       fz_wm.l(dnaninf.o)
    0x080063bc   0x080063bc   0x0000000c   Code   RO        10716    x$fpl$dretinf       fz_wm.l(dretinf.o)
    0x080063c8   0x080063c8   0x0000006c   Code   RO        10575    x$fpl$drleqf        fz_wm.l(drleqf.o)
    0x08006434   0x08006434   0x00000056   Code   RO        10577    x$fpl$f2d           fz_wm.l(f2d.o)
    0x0800648a   0x0800648a   0x0000008c   Code   RO        10720    x$fpl$fnaninf       fz_wm.l(fnaninf.o)
    0x08006516   0x08006516   0x0000000a   Code   RO        10930    x$fpl$fpinit        fz_wm.l(fpinit.o)
    0x08006520   0x08006520   0x0000000a   Code   RO        10722    x$fpl$fretinf       fz_wm.l(fretinf.o)
    0x0800652a   0x0800652a   0x00000006   Code   RO        10724    x$fpl$ieeestatus    fz_wm.l(istatus.o)
    0x08006530   0x08006530   0x00000064   Code   RO        11021    x$fpl$retnan        fz_wm.l(retnan.o)
    0x08006594   0x08006594   0x0000005c   Code   RO        10965    x$fpl$scalbn        fz_wm.l(scalbn.o)
    0x080065f0   0x080065f0   0x00000004   Code   RO        10583    x$fpl$scanf1        fz_wm.l(scanf1.o)
    0x080065f4   0x080065f4   0x00000008   Code   RO        10825    x$fpl$scanf2        fz_wm.l(scanf2.o)
    0x080065fc   0x080065fc   0x00000030   Code   RO        11023    x$fpl$trapveneer    fz_wm.l(trapv.o)
    0x0800662c   0x0800662c   0x00000000   Code   RO        10726    x$fpl$usenofp       fz_wm.l(usenofp.o)
    0x0800662c   0x0800662c   0x00000018   Data   RO         3734    .constdata          system_stm32f4xx.o
    0x08006644   0x08006644   0x00000094   Data   RO        10794    .constdata          c_w.l(bigflt0.o)
    0x080066d8   0x080066d8   0x00000020   Data   RO        11025    Region$$Table       anon$$obj.o
    0x080066f8   0x080066f8   0x00000008   Data   RO        10821    c$$dinf             fz_wm.l(fpconst.o)
    0x08006700   0x08006700   0x00000008   Data   RO        10824    c$$dmax             fz_wm.l(fpconst.o)
    0x08006708   0x08006708   0x0000001c   Data   RO        10818    locale$$data        c_w.l(lc_numeric_c.o)
    0x08006724   0x08006724   0x00000110   Data   RO        10921    locale$$data        c_w.l(lc_ctype_c.o)


    Execution Region RW_IRAM1 (Exec base: 0x20000000, Load base: 0x08006834, Size: 0x000059d0, Max: 0x0001c000, ABSOLUTE)

    Exec Addr    Load Addr    Size         Type   Attr      Idx    E Section Name        Object

    0x20000000   0x08006834   0x00000040   Data   RW          627    .data               tasks.o
    0x20000040   0x08006874   0x0000000c   Data   RW          945    .data               port.o
    0x2000004c   0x08006880   0x0000001c   Data   RW         1022    .data               heap_4.o
    0x20000068   0x0800689c   0x00000009   Data   RW         3128    .data               stm32f4xx_hal.o
    0x20000071   0x080068a5   0x00000003   PAD
    0x20000074   0x080068a8   0x00000004   Data   RW         3735    .data               system_stm32f4xx.o
    0x20000078   0x080068ac   0x00000008   Data   RW         3773    .data               main.o
    0x20000080   0x080068b4   0x00000020   Data   RW         4218    .data               stepper_motor.o
    0x200000a0   0x080068d4   0x00000002   Data   RW         4307    .data               k230.o
    0x200000a2   0x080068d6   0x00000002   PAD
    0x200000a4   0x080068d8   0x0000001e   Data   RW         4360    .data               car.o
    0x200000c2   0x080068f6   0x00000002   PAD
    0x200000c4        -       0x000000f0   Zero   RW          626    .bss                tasks.o
    0x200001b4        -       0x00005000   Zero   RW         1021    .bss                heap_4.o
    0x200051b4        -       0x00000048   Zero   RW         3962    .bss                tim.o
    0x200051fc        -       0x00000090   Zero   RW         4010    .bss                usart.o
    0x2000528c        -       0x00000048   Zero   RW         4169    .bss                stm32f4xx_hal_timebase_tim.o
    0x200052d4        -       0x0000005c   Zero   RW         4217    .bss                stepper_motor.o
    0x20005330        -       0x0000003c   Zero   RW         4306    .bss                k230.o
    0x2000536c        -       0x00000060   Zero   RW        10840    .bss                c_w.l(libspace.o)
    0x200053cc   0x080068f6   0x00000004   PAD
    0x200053d0        -       0x00000200   Zero   RW            2    HEAP                startup_stm32f407xx.o
    0x200055d0        -       0x00000400   Zero   RW            1    STACK               startup_stm32f407xx.o


    Execution Region RW_IRAM2 (Exec base: 0x2001c000, Load base: 0x080068f8, Size: 0x00000000, Max: 0x00004000, ABSOLUTE)

    **** No section assigned to this execution region ****


==============================================================================

Image component sizes


      Code (inc. data)   RO Data    RW Data    ZI Data      Debug   Object Name

       720        190          0         30          0       6380   car.o
         0          0          0          0          0      18828   croutine.o
         0          0          0          0          0       8504   event_groups.o
       348         18          0          0          0       1147   gpio.o
       656         58          0         28      20480       7775   heap_4.o
       184         32          0          2         60       1224   k230.o
       148          0          0          0          0       3482   list.o
       730         72          0          8          0       3273   main.o
       894         78          0         12          0      10764   port.o
        64         26        392          0       1536        856   startup_stm32f407xx.o
       976         86          0         32         92       6226   stepper_motor.o
       136         24          0          9          0       8802   stm32f4xx_hal.o
       260         22          0          0          0      33626   stm32f4xx_hal_cortex.o
       212          0          0          0          0       1991   stm32f4xx_hal_dma.o
       528         46          0          0          0       2831   stm32f4xx_hal_gpio.o
        84          6          0          0          0        882   stm32f4xx_hal_msp.o
      1888         94          0          0          0       6377   stm32f4xx_hal_rcc.o
      2342        120          0          0          0     703142   stm32f4xx_hal_tim.o
       184         30          0          0          0       2573   stm32f4xx_hal_tim_ex.o
       180         20          0          0         72       1508   stm32f4xx_hal_timebase_tim.o
      2650         20          0          0          0      14893   stm32f4xx_hal_uart.o
       146         22          0          0          0       5978   stm32f4xx_it.o
        20          6         24          4          0       1163   system_stm32f4xx.o
      2514        322          0         64        240      23206   tasks.o
       352         32          0          0         72       2484   tim.o
       396         38          0          0        144       2423   usart.o

    ----------------------------------------------------------------------
     16632       1362        448        196      22696     880338   Object Totals
         0          0         32          0          0          0   (incl. Generated)
        20          0          0          7          0          0   (incl. Padding)

    ----------------------------------------------------------------------

      Code (inc. data)   RO Data    RW Data    ZI Data      Debug   Library Member Name

        60          8          0          0          0         84   __0sscanf.o
         8          0          0          0          0         68   __main.o
         0          0          0          0          0          0   __rtentry.o
        12          0          0          0          0          0   __rtentry2.o
         6          0          0          0          0          0   __rtentry4.o
        52          8          0          0          0          0   __scatter.o
        26          0          0          0          0          0   __scatter_copy.o
        28          0          0          0          0          0   __scatter_zi.o
        28          0          0          0          0         68   _chval.o
        22          0          0          0          0        100   _rserrno.o
       884          4          0          0          0        100   _scanf.o
        64          0          0          0          0         84   _sgetc.o
        16          0          0          0          0         68   aeabi_memset.o
       228          4        148          0          0         96   bigflt0.o
      1924        136          0          0          0        756   btod.o
        18          0          0          0          0         80   exit.o
         6          0          0          0          0        152   heapauxi.o
         0          0          0          0          0          0   indicate_semi.o
        18          0          0          0          0         76   isspace.o
        44         10        272          0          0         76   lc_ctype_c.o
        44         10         28          0          0         76   lc_numeric_c.o
         2          0          0          0          0          0   libinit.o
        34          0          0          0          0          0   libinit2.o
         2          0          0          0          0          0   libshutdown.o
         2          0          0          0          0          0   libshutdown2.o
         8          4          0          0         96         68   libspace.o
        38          0          0          0          0         68   llshl.o
       238          0          0          0          0        100   lludivv7m.o
        16          4          0          0          0         76   rt_ctype_table.o
         8          4          0          0          0         68   rt_errno_addr_intlibspace.o
         8          4          0          0          0         68   rt_locale_intlibspace.o
        68          0          0          0          0         68   rt_memclr.o
        78          0          0          0          0         80   rt_memclr_w.o
       138          0          0          0          0         68   rt_memcpy_v6.o
       100          0          0          0          0         80   rt_memcpy_w.o
         2          0          0          0          0          0   rtexit.o
        10          0          0          0          0          0   rtexit2.o
        44          8          0          0          0         84   scanf_char.o
      1286         16          0          0          0        236   scanf_fp.o
       800         14          0          0          0        100   scanf_hexfp.o
       308         16          0          0          0        100   scanf_infnan.o
       128          0          0          0          0         68   strcmpv7m.o
        12          4          0          0          0         68   sys_exit.o
        74          0          0          0          0         80   sys_stackheap_outer.o
         2          0          0          0          0         68   use_no_semi.o
        98          4          0          0          0        140   d2f.o
        16          4          0          0          0        116   dcheck1.o
        24          0          0          0          0        116   dcmpi.o
       120          4          0          0          0        140   deqf.o
       120          4          0          0          0        140   dleqf.o
       340         12          0          0          0        152   dmul.o
       156          4          0          0          0        140   dnaninf.o
        12          0          0          0          0        116   dretinf.o
       108          0          0          0          0        128   drleqf.o
        86          4          0          0          0        132   f2d.o
       140          4          0          0          0        132   fnaninf.o
         0          0         16          0          0          0   fpconst.o
        10          0          0          0          0        116   fpinit.o
        10          0          0          0          0        116   fretinf.o
         6          0          0          0          0        116   istatus.o
       100          0          0          0          0        116   retnan.o
        92          0          0          0          0        116   scalbn.o
         4          0          0          0          0        116   scanf1.o
         8          0          0          0          0        132   scanf2.o
        48          0          0          0          0        116   trapv.o
         0          0          0          0          0          0   usenofp.o
        64         16          0          0          0        248   dunder.o
        20          0          0          0          0        124   fabs.o
       140         22          0          0          0        132   frexp.o
       228          8          0          0          0        308   ldexp.o
       266         16          0          0          0        308   narrow.o

    ----------------------------------------------------------------------
      9132        358        464          0        100       6948   Library Totals
        22          2          0          0          4          0   (incl. Padding)

    ----------------------------------------------------------------------

      Code (inc. data)   RO Data    RW Data    ZI Data      Debug   Library Name

      6894        254        448          0         96       3432   c_w.l
      1498         40         16          0          0       2396   fz_wm.l
       718         62          0          0          0       1120   m_wm.l

    ----------------------------------------------------------------------
      9132        358        464          0        100       6948   Library Totals

    ----------------------------------------------------------------------

==============================================================================


      Code (inc. data)   RO Data    RW Data    ZI Data      Debug   

     25764       1720        912        196      22796     869514   Grand Totals
     25764       1720        912        196      22796     869514   ELF Image Totals
     25764       1720        912        196          0          0   ROM Totals

==============================================================================

    Total RO  Size (Code + RO Data)                26676 (  26.05kB)
    Total RW  Size (RW Data + ZI Data)             22992 (  22.45kB)
    Total ROM Size (Code + RO Data + RW Data)      26872 (  26.24kB)

==============================================================================

